Component: ARM Compiler 5.06 update 7 (build 960) Tool: armlink [4d3601]

==============================================================================

Section Cross References

    system_stm32f10x.o(i.SetSysClock) refers to system_stm32f10x.o(i.SetSysClockTo72) for SetSysClockTo72
    system_stm32f10x.o(i.SystemCoreClockUpdate) refers to system_stm32f10x.o(.data) for SystemCoreClock
    system_stm32f10x.o(i.SystemInit) refers to system_stm32f10x.o(i.SetSysClock) for SetSysClock
    main.o(i.Hardware_Init) refers to misc.o(i.NVIC_PriorityGroupConfig) for NVIC_PriorityGroupConfig
    main.o(i.Hardware_Init) refers to delay.o(i.delay_init) for delay_init
    main.o(i.Hardware_Init) refers to usart.o(i.uart_init) for uart_init
    main.o(i.Hardware_Init) refers to led_1.o(i.LED_Init) for LED_Init
    main.o(i.Hardware_Init) refers to beep.o(i.BEEP_Init) for BEEP_Init
    main.o(i.Hardware_Init) refers to mq_2.o(i.mq_2_adc_init) for mq_2_adc_init
    main.o(i.Hardware_Init) refers to ds18b20.o(i.DS18B20_Init) for DS18B20_Init
    main.o(i.Hardware_Init) refers to hc_sr501.o(i.hc_sr501_init) for hc_sr501_init
    main.o(i.Hardware_Init) refers to my_oled.o(i.OLED_Init) for OLED_Init
    main.o(i.Hardware_Init) refers to my_oled.o(i.OLED_ShowString) for OLED_ShowString
    main.o(i.Hardware_Init) refers to my_oled.o(i.OLED_Refresh_Gram) for OLED_Refresh_Gram
    main.o(i.Hardware_Init) refers to key.o(i.KEY_Init) for KEY_Init
    main.o(i.Hardware_Init) refers to my_time.o(i.TIM2_Init) for TIM2_Init
    main.o(i.main) refers to main.o(i.Hardware_Init) for Hardware_Init
    main.o(i.main) refers to stm32f10x_tim.o(i.TIM_GetFlagStatus) for TIM_GetFlagStatus
    main.o(i.main) refers to stm32f10x_tim.o(i.TIM_ClearFlag) for TIM_ClearFlag
    main.o(i.main) refers to mq_2.o(i.get_mq2_adc_aver) for get_mq2_adc_aver
    main.o(i.main) refers to my_oled.o(i.OLED_ShowNum) for OLED_ShowNum
    main.o(i.main) refers to ffltui.o(.text) for __aeabi_ui2f
    main.o(i.main) refers to f2d.o(.text) for __aeabi_f2d
    main.o(i.main) refers to dmul.o(.text) for __aeabi_dmul
    main.o(i.main) refers to d2f.o(.text) for __aeabi_d2f
    main.o(i.main) refers to ffixi.o(.text) for __aeabi_f2iz
    main.o(i.main) refers to fmul.o(.text) for __aeabi_fmul
    main.o(i.main) refers to ds18b20.o(i.DS18B20_Get_temp) for DS18B20_Get_temp
    main.o(i.main) refers to cfcmple.o(.text) for __aeabi_cfcmple
    main.o(i.main) refers to my_oled.o(i.OLED_ShowChar) for OLED_ShowChar
    main.o(i.main) refers to my_oled.o(i.OLED_Refresh_Gram) for OLED_Refresh_Gram
    main.o(i.main) refers to key.o(i.KEY_Scan) for KEY_Scan
    main.o(i.main) refers to cfrcmple.o(.text) for __aeabi_cfrcmple
    main.o(i.main) refers to my_time.o(i.TIM3_Int_Init) for TIM3_Int_Init
    main.o(i.main) refers to cdrcmple.o(.text) for __aeabi_cdrcmple
    main.o(i.main) refers to printfa.o(i.__0printf) for __2printf
    main.o(i.main) refers to main.o(.data) for time_oled_refresh
    startup_stm32f10x_md.o(RESET) refers to startup_stm32f10x_md.o(STACK) for __initial_sp
    startup_stm32f10x_md.o(RESET) refers to startup_stm32f10x_md.o(.text) for Reset_Handler
    startup_stm32f10x_md.o(RESET) refers to stm32f10x_it.o(i.NMI_Handler) for NMI_Handler
    startup_stm32f10x_md.o(RESET) refers to stm32f10x_it.o(i.HardFault_Handler) for HardFault_Handler
    startup_stm32f10x_md.o(RESET) refers to stm32f10x_it.o(i.MemManage_Handler) for MemManage_Handler
    startup_stm32f10x_md.o(RESET) refers to stm32f10x_it.o(i.BusFault_Handler) for BusFault_Handler
    startup_stm32f10x_md.o(RESET) refers to stm32f10x_it.o(i.UsageFault_Handler) for UsageFault_Handler
    startup_stm32f10x_md.o(RESET) refers to stm32f10x_it.o(i.SVC_Handler) for SVC_Handler
    startup_stm32f10x_md.o(RESET) refers to stm32f10x_it.o(i.DebugMon_Handler) for DebugMon_Handler
    startup_stm32f10x_md.o(RESET) refers to stm32f10x_it.o(i.PendSV_Handler) for PendSV_Handler
    startup_stm32f10x_md.o(RESET) refers to stm32f10x_it.o(i.SysTick_Handler) for SysTick_Handler
    startup_stm32f10x_md.o(RESET) refers to exti.o(i.EXTI9_5_IRQHandler) for EXTI9_5_IRQHandler
    startup_stm32f10x_md.o(RESET) refers to my_time.o(i.TIM3_IRQHandler) for TIM3_IRQHandler
    startup_stm32f10x_md.o(RESET) refers to usart.o(i.USART1_IRQHandler) for USART1_IRQHandler
    startup_stm32f10x_md.o(RESET) refers to usart3.o(i.USART3_IRQHandler) for USART3_IRQHandler
    startup_stm32f10x_md.o(.text) refers to system_stm32f10x.o(i.SystemInit) for SystemInit
    startup_stm32f10x_md.o(.text) refers to entry.o(.ARM.Collect$$$$00000000) for __main
    stm32f10x_adc.o(i.ADC_DeInit) refers to stm32f10x_rcc.o(i.RCC_APB2PeriphResetCmd) for RCC_APB2PeriphResetCmd
    stm32f10x_bkp.o(i.BKP_DeInit) refers to stm32f10x_rcc.o(i.RCC_BackupResetCmd) for RCC_BackupResetCmd
    stm32f10x_can.o(i.CAN_DeInit) refers to stm32f10x_rcc.o(i.RCC_APB1PeriphResetCmd) for RCC_APB1PeriphResetCmd
[...]
    Removing stm32f10x_flash.o(i.FLASH_WaitForLastOperation), (38 bytes).
    Removing stm32f10x_fsmc.o(i.FSMC_ClearFlag), (64 bytes).
    Removing stm32f10x_fsmc.o(i.FSMC_ClearITPendingBit), (72 bytes).
    Removing stm32f10x_fsmc.o(i.FSMC_GetECC), (28 bytes).
    Removing stm32f10x_fsmc.o(i.FSMC_GetFlagStatus), (56 bytes).
    Removing stm32f10x_fsmc.o(i.FSMC_GetITStatus), (68 bytes).
    Removing stm32f10x_fsmc.o(i.FSMC_ITConfig), (128 bytes).
    Removing stm32f10x_fsmc.o(i.FSMC_NANDCmd), (92 bytes).
    Removing stm32f10x_fsmc.o(i.FSMC_NANDDeInit), (68 bytes).
    Removing stm32f10x_fsmc.o(i.FSMC_NANDECCCmd), (92 bytes).
    Removing stm32f10x_fsmc.o(i.FSMC_NANDInit), (136 bytes).
    Removing stm32f10x_fsmc.o(i.FSMC_NANDStructInit), (54 bytes).
    Removing stm32f10x_fsmc.o(i.FSMC_NORSRAMCmd), (52 bytes).
    Removing stm32f10x_fsmc.o(i.FSMC_NORSRAMDeInit), (54 bytes).
    Removing stm32f10x_fsmc.o(i.FSMC_NORSRAMInit), (230 bytes).
    Removing stm32f10x_fsmc.o(i.FSMC_NORSRAMStructInit), (114 bytes).
    Removing stm32f10x_fsmc.o(i.FSMC_PCCARDCmd), (48 bytes).
    Removing stm32f10x_fsmc.o(i.FSMC_PCCARDDeInit), (40 bytes).
    Removing stm32f10x_fsmc.o(i.FSMC_PCCARDInit), (132 bytes).
    Removing stm32f10x_fsmc.o(i.FSMC_PCCARDStructInit), (60 bytes).
    Removing stm32f10x_gpio.o(i.GPIO_AFIODeInit), (20 bytes).
    Removing stm32f10x_gpio.o(i.GPIO_DeInit), (200 bytes).
    Removing stm32f10x_gpio.o(i.GPIO_ETH_MediaInterfaceConfig), (12 bytes).
    Removing stm32f10x_gpio.o(i.GPIO_EXTILineConfig), (64 bytes).
    Removing stm32f10x_gpio.o(i.GPIO_EventOutputCmd), (12 bytes).
    Removing stm32f10x_gpio.o(i.GPIO_EventOutputConfig), (32 bytes).
    Removing stm32f10x_gpio.o(i.GPIO_PinLockConfig), (18 bytes).
    Removing stm32f10x_gpio.o(i.GPIO_PinRemapConfig), (144 bytes).
    Removing stm32f10x_gpio.o(i.GPIO_ReadInputData), (8 bytes).
    Removing stm32f10x_gpio.o(i.GPIO_ReadInputDataBit), (18 bytes).
    Removing stm32f10x_gpio.o(i.GPIO_ReadOutputData), (8 bytes).
    Removing stm32f10x_gpio.o(i.GPIO_ReadOutputDataBit), (18 bytes).
    Removing stm32f10x_gpio.o(i.GPIO_ResetBits), (4 bytes).
    Removing stm32f10x_gpio.o(i.GPIO_StructInit), (16 bytes).
    Removing stm32f10x_gpio.o(i.GPIO_Write), (4 bytes).
    Removing stm32f10x_gpio.o(i.GPIO_WriteBit), (10 bytes).
    Removing stm32f10x_i2c.o(i.I2C_ARPCmd), (24 bytes).
    Removing stm32f10x_i2c.o(i.I2C_AcknowledgeConfig), (24 bytes).
    Removing stm32f10x_i2c.o(i.I2C_CalculatePEC), (24 bytes).
    Removing stm32f10x_i2c.o(i.I2C_CheckEvent), (42 bytes).
    Removing stm32f10x_i2c.o(i.I2C_ClearFlag), (12 bytes).
    Removing stm32f10x_i2c.o(i.I2C_ClearITPendingBit), (12 bytes).
    Removing stm32f10x_i2c.o(i.I2C_Cmd), (24 bytes).
    Removing stm32f10x_i2c.o(i.I2C_DMACmd), (24 bytes).
    Removing stm32f10x_i2c.o(i.I2C_DMALastTransferCmd), (24 bytes).
    Removing stm32f10x_i2c.o(i.I2C_DeInit), (56 bytes).
    Removing stm32f10x_i2c.o(i.I2C_DualAddressCmd), (24 bytes).
    Removing stm32f10x_i2c.o(i.I2C_FastModeDutyCycleConfig), (28 bytes).
    Removing stm32f10x_i2c.o(i.I2C_GeneralCallCmd), (24 bytes).
    Removing stm32f10x_i2c.o(i.I2C_GenerateSTART), (24 bytes).
    Removing stm32f10x_i2c.o(i.I2C_GenerateSTOP), (24 bytes).
    Removing stm32f10x_i2c.o(i.I2C_GetFlagStatus), (58 bytes).
    Removing stm32f10x_i2c.o(i.I2C_GetITStatus), (38 bytes).
    Removing stm32f10x_i2c.o(i.I2C_GetLastEvent), (26 bytes).
    Removing stm32f10x_i2c.o(i.I2C_GetPEC), (8 bytes).
    Removing stm32f10x_i2c.o(i.I2C_ITConfig), (18 bytes).
    Removing stm32f10x_i2c.o(i.I2C_Init), (236 bytes).
    Removing stm32f10x_i2c.o(i.I2C_NACKPositionConfig), (28 bytes).
    Removing stm32f10x_i2c.o(i.I2C_OwnAddress2Config), (22 bytes).
    Removing stm32f10x_i2c.o(i.I2C_PECPositionConfig), (28 bytes).
    Removing stm32f10x_i2c.o(i.I2C_ReadRegister), (22 bytes).
    Removing stm32f10x_i2c.o(i.I2C_ReceiveData), (8 bytes).
    Removing stm32f10x_i2c.o(i.I2C_SMBusAlertConfig), (28 bytes).
    Removing stm32f10x_i2c.o(i.I2C_Send7bitAddress), (18 bytes).
    Removing stm32f10x_i2c.o(i.I2C_SendData), (4 bytes).
    Removing stm32f10x_i2c.o(i.I2C_SoftwareResetCmd), (22 bytes).
    Removing stm32f10x_i2c.o(i.I2C_StretchClockCmd), (24 bytes).
    Removing stm32f10x_i2c.o(i.I2C_StructInit), (30 bytes).
    Removing stm32f10x_i2c.o(i.I2C_TransmitPEC), (24 bytes).
    Removing stm32f10x_iwdg.o(i.IWDG_Enable), (16 bytes).
    Removing stm32f10x_iwdg.o(i.IWDG_GetFlagStatus), (24 bytes).
    Removing stm32f10x_iwdg.o(i.IWDG_ReloadCounter), (16 bytes).
    Removing stm32f10x_iwdg.o(i.IWDG_SetPrescaler), (12 bytes).
    Removing stm32f10x_iwdg.o(i.IWDG_SetReload), (12 bytes).
    Removing stm32f10x_iwdg.o(i.IWDG_WriteAccessCmd), (12 bytes).
    Removing stm32f10x_pwr.o(i.PWR_BackupAccessCmd), (12 bytes).
    Removing stm32f10x_pwr.o(i.PWR_ClearFlag), (20 bytes).
    Removing stm32f10x_pwr.o(i.PWR_DeInit), (22 bytes).
    Removing stm32f10x_pwr.o(i.PWR_EnterSTANDBYMode), (52 bytes).
    Removing stm32f10x_pwr.o(i.PWR_EnterSTOPMode), (64 bytes).
    Removing stm32f10x_pwr.o(i.PWR_GetFlagStatus), (24 bytes).
    Removing stm32f10x_pwr.o(i.PWR_PVDCmd), (12 bytes).
    Removing stm32f10x_pwr.o(i.PWR_PVDLevelConfig), (24 bytes).
    Removing stm32f10x_pwr.o(i.PWR_WakeUpPinCmd), (12 bytes).
    Removing stm32f10x_rcc.o(i.RCC_AHBPeriphClockCmd), (32 bytes).
    Removing stm32f10x_rcc.o(i.RCC_APB1PeriphResetCmd), (32 bytes).
    Removing stm32f10x_rcc.o(i.RCC_APB2PeriphResetCmd), (32 bytes).
    Removing stm32f10x_rcc.o(i.RCC_AdjustHSICalibrationValue), (24 bytes).
    Removing stm32f10x_rcc.o(i.RCC_BackupResetCmd), (12 bytes).
    Removing stm32f10x_rcc.o(i.RCC_ClearFlag), (20 bytes).
    Removing stm32f10x_rcc.o(i.RCC_ClearITPendingBit), (12 bytes).
    Removing stm32f10x_rcc.o(i.RCC_ClockSecuritySystemCmd), (12 bytes).
    Removing stm32f10x_rcc.o(i.RCC_DeInit), (76 bytes).
    Removing stm32f10x_rcc.o(i.RCC_GetFlagStatus), (60 bytes).
    Removing stm32f10x_rcc.o(i.RCC_GetITStatus), (24 bytes).
    Removing stm32f10x_rcc.o(i.RCC_GetSYSCLKSource), (16 bytes).
    Removing stm32f10x_rcc.o(i.RCC_HCLKConfig), (24 bytes).
    Removing stm32f10x_rcc.o(i.RCC_HSEConfig), (76 bytes).
    Removing stm32f10x_rcc.o(i.RCC_HSICmd), (12 bytes).
    Removing stm32f10x_rcc.o(i.RCC_ITConfig), (32 bytes).
    Removing stm32f10x_rcc.o(i.RCC_LSEConfig), (52 bytes).
    Removing stm32f10x_rcc.o(i.RCC_LSICmd), (12 bytes).
    Removing stm32f10x_rcc.o(i.RCC_MCOConfig), (12 bytes).
    Removing stm32f10x_rcc.o(i.RCC_PCLK1Config), (24 bytes).
    Removing stm32f10x_rcc.o(i.RCC_PCLK2Config), (24 bytes).
    Removing stm32f10x_rcc.o(i.RCC_PLLCmd), (12 bytes).
    Removing stm32f10x_rcc.o(i.RCC_PLLConfig), (28 bytes).
    Removing stm32f10x_rcc.o(i.RCC_RTCCLKCmd), (12 bytes).
    Removing stm32f10x_rcc.o(i.RCC_RTCCLKConfig), (16 bytes).
    Removing stm32f10x_rcc.o(i.RCC_SYSCLKConfig), (24 bytes).
    Removing stm32f10x_rcc.o(i.RCC_USBCLKConfig), (12 bytes).
    Removing stm32f10x_rcc.o(i.RCC_WaitForHSEStartUp), (56 bytes).
    Removing stm32f10x_rtc.o(i.RTC_ClearFlag), (16 bytes).
    Removing stm32f10x_rtc.o(i.RTC_ClearITPendingBit), (16 bytes).
    Removing stm32f10x_rtc.o(i.RTC_EnterConfigMode), (20 bytes).
    Removing stm32f10x_rtc.o(i.RTC_ExitConfigMode), (20 bytes).
    Removing stm32f10x_rtc.o(i.RTC_GetCounter), (20 bytes).
    Removing stm32f10x_rtc.o(i.RTC_GetDivider), (24 bytes).
    Removing stm32f10x_rtc.o(i.RTC_GetFlagStatus), (24 bytes).
    Removing stm32f10x_rtc.o(i.RTC_GetITStatus), (36 bytes).
    Removing stm32f10x_rtc.o(i.RTC_ITConfig), (32 bytes).
    Removing stm32f10x_rtc.o(i.RTC_SetAlarm), (28 bytes).
    Removing stm32f10x_rtc.o(i.RTC_SetCounter), (28 bytes).
    Removing stm32f10x_rtc.o(i.RTC_SetPrescaler), (32 bytes).
    Removing stm32f10x_rtc.o(i.RTC_WaitForLastTask), (20 bytes).
    Removing stm32f10x_rtc.o(i.RTC_WaitForSynchro), (36 bytes).
    Removing stm32f10x_sdio.o(i.SDIO_CEATAITCmd), (16 bytes).
    Removing stm32f10x_sdio.o(i.SDIO_ClearFlag), (12 bytes).
    Removing stm32f10x_sdio.o(i.SDIO_ClearITPendingBit), (12 bytes).
    Removing stm32f10x_sdio.o(i.SDIO_ClockCmd), (12 bytes).
    Removing stm32f10x_sdio.o(i.SDIO_CmdStructInit), (14 bytes).
    Removing stm32f10x_sdio.o(i.SDIO_CommandCompletionCmd), (12 bytes).
    Removing stm32f10x_sdio.o(i.SDIO_DMACmd), (12 bytes).
    Removing stm32f10x_sdio.o(i.SDIO_DataConfig), (48 bytes).
    Removing stm32f10x_sdio.o(i.SDIO_DataStructInit), (20 bytes).
    Removing stm32f10x_sdio.o(i.SDIO_DeInit), (36 bytes).
    Removing stm32f10x_sdio.o(i.SDIO_GetCommandResponse), (12 bytes).
    Removing stm32f10x_sdio.o(i.SDIO_GetDataCounter), (12 bytes).
    Removing stm32f10x_sdio.o(i.SDIO_GetFIFOCount), (12 bytes).
    Removing stm32f10x_sdio.o(i.SDIO_GetFlagStatus), (24 bytes).
    Removing stm32f10x_sdio.o(i.SDIO_GetITStatus), (24 bytes).
    Removing stm32f10x_sdio.o(i.SDIO_GetPowerState), (16 bytes).
    Removing stm32f10x_sdio.o(i.SDIO_GetResponse), (24 bytes).
    Removing stm32f10x_sdio.o(i.SDIO_ITConfig), (32 bytes).
    Removing stm32f10x_sdio.o(i.SDIO_Init), (48 bytes).
    Removing stm32f10x_sdio.o(i.SDIO_ReadData), (12 bytes).
    Removing stm32f10x_sdio.o(i.SDIO_SendCEATACmd), (12 bytes).
    Removing stm32f10x_sdio.o(i.SDIO_SendCommand), (44 bytes).
    Removing stm32f10x_sdio.o(i.SDIO_SendSDIOSuspendCmd), (12 bytes).
    Removing stm32f10x_sdio.o(i.SDIO_SetPowerState), (28 bytes).
    Removing stm32f10x_sdio.o(i.SDIO_SetSDIOOperation), (12 bytes).
    Removing stm32f10x_sdio.o(i.SDIO_SetSDIOReadWaitMode), (12 bytes).
    Removing stm32f10x_sdio.o(i.SDIO_StartSDIOReadWait), (12 bytes).
    Removing stm32f10x_sdio.o(i.SDIO_StopSDIOReadWait), (12 bytes).
    Removing stm32f10x_sdio.o(i.SDIO_StructInit), (16 bytes).
    Removing stm32f10x_sdio.o(i.SDIO_WriteData), (12 bytes).
    Removing stm32f10x_spi.o(i.I2S_Cmd), (24 bytes).
    Removing stm32f10x_spi.o(i.I2S_Init), (232 bytes).
    Removing stm32f10x_spi.o(i.I2S_StructInit), (20 bytes).
    Removing stm32f10x_spi.o(i.SPI_BiDirectionalLineConfig), (28 bytes).
    Removing stm32f10x_spi.o(i.SPI_CalculateCRC), (24 bytes).
    Removing stm32f10x_spi.o(i.SPI_Cmd), (24 bytes).
    Removing stm32f10x_spi.o(i.SPI_DataSizeConfig), (18 bytes).
    Removing stm32f10x_spi.o(i.SPI_GetCRC), (16 bytes).
    Removing stm32f10x_spi.o(i.SPI_GetCRCPolynomial), (6 bytes).
    Removing stm32f10x_spi.o(i.SPI_I2S_ClearFlag), (6 bytes).
    Removing stm32f10x_spi.o(i.SPI_I2S_ClearITPendingBit), (20 bytes).
    Removing stm32f10x_spi.o(i.SPI_I2S_DMACmd), (18 bytes).
    Removing stm32f10x_spi.o(i.SPI_I2S_DeInit), (88 bytes).
    Removing stm32f10x_spi.o(i.SPI_I2S_GetFlagStatus), (18 bytes).
    Removing stm32f10x_spi.o(i.SPI_I2S_GetITStatus), (52 bytes).
    Removing stm32f10x_spi.o(i.SPI_I2S_ITConfig), (32 bytes).
    Removing stm32f10x_spi.o(i.SPI_I2S_ReceiveData), (6 bytes).
    Removing stm32f10x_spi.o(i.SPI_I2S_SendData), (4 bytes).
    Removing stm32f10x_spi.o(i.SPI_Init), (60 bytes).
    Removing stm32f10x_spi.o(i.SPI_NSSInternalSoftwareConfig), (30 bytes).
    Removing stm32f10x_spi.o(i.SPI_SSOutputCmd), (24 bytes).
    Removing stm32f10x_spi.o(i.SPI_StructInit), (24 bytes).
    Removing stm32f10x_spi.o(i.SPI_TransmitCRC), (10 bytes).
    Removing stm32f10x_tim.o(i.TI1_Config), (128 bytes).
    Removing stm32f10x_tim.o(i.TI2_Config), (152 bytes).
    Removing stm32f10x_tim.o(i.TI3_Config), (144 bytes).
    Removing stm32f10x_tim.o(i.TI4_Config), (152 bytes).
    Removing stm32f10x_tim.o(i.TIM_ARRPreloadConfig), (24 bytes).
    Removing stm32f10x_tim.o(i.TIM_BDTRConfig), (32 bytes).
    Removing stm32f10x_tim.o(i.TIM_BDTRStructInit), (18 bytes).
    Removing stm32f10x_tim.o(i.TIM_CCPreloadControl), (24 bytes).
    Removing stm32f10x_tim.o(i.TIM_CCxCmd), (30 bytes).
    Removing stm32f10x_tim.o(i.TIM_CCxNCmd), (30 bytes).
    Removing stm32f10x_tim.o(i.TIM_ClearOC1Ref), (18 bytes).
    Removing stm32f10x_tim.o(i.TIM_ClearOC2Ref), (24 bytes).
    Removing stm32f10x_tim.o(i.TIM_ClearOC3Ref), (18 bytes).
    Removing stm32f10x_tim.o(i.TIM_ClearOC4Ref), (24 bytes).
    Removing stm32f10x_tim.o(i.TIM_CounterModeConfig), (18 bytes).
    Removing stm32f10x_tim.o(i.TIM_CtrlPWMOutputs), (30 bytes).
    Removing stm32f10x_tim.o(i.TIM_DMACmd), (18 bytes).
    Removing stm32f10x_tim.o(i.TIM_DMAConfig), (10 bytes).
    Removing stm32f10x_tim.o(i.TIM_DeInit), (488 bytes).
    Removing stm32f10x_tim.o(i.TIM_ETRClockMode1Config), (54 bytes).
    Removing stm32f10x_tim.o(i.TIM_ETRClockMode2Config), (32 bytes).
    Removing stm32f10x_tim.o(i.TIM_ETRConfig), (28 bytes).
    Removing stm32f10x_tim.o(i.TIM_EncoderInterfaceConfig), (66 bytes).
    Removing stm32f10x_tim.o(i.TIM_ForcedOC1Config), (18 bytes).
    Removing stm32f10x_tim.o(i.TIM_ForcedOC2Config), (26 bytes).
    Removing stm32f10x_tim.o(i.TIM_ForcedOC3Config), (18 bytes).
    Removing stm32f10x_tim.o(i.TIM_ForcedOC4Config), (26 bytes).
    Removing stm32f10x_tim.o(i.TIM_GenerateEvent), (4 bytes).
    Removing stm32f10x_tim.o(i.TIM_GetCapture1), (6 bytes).
    Removing stm32f10x_tim.o(i.TIM_GetCapture2), (6 bytes).
    Removing stm32f10x_tim.o(i.TIM_GetCapture3), (6 bytes).
    Removing stm32f10x_tim.o(i.TIM_GetCapture4), (8 bytes).
    Removing stm32f10x_tim.o(i.TIM_GetCounter), (6 bytes).
    Removing stm32f10x_tim.o(i.TIM_GetPrescaler), (6 bytes).
    Removing stm32f10x_tim.o(i.TIM_ICInit), (172 bytes).
    Removing stm32f10x_tim.o(i.TIM_ICStructInit), (18 bytes).
    Removing stm32f10x_tim.o(i.TIM_ITRxExternalClockConfig), (24 bytes).
    Removing stm32f10x_tim.o(i.TIM_InternalClockConfig), (12 bytes).
    Removing stm32f10x_tim.o(i.TIM_OC1FastConfig), (18 bytes).
    Removing stm32f10x_tim.o(i.TIM_OC1Init), (152 bytes).
    Removing stm32f10x_tim.o(i.TIM_OC1NPolarityConfig), (18 bytes).
    Removing stm32f10x_tim.o(i.TIM_OC1PolarityConfig), (18 bytes).
    Removing stm32f10x_tim.o(i.TIM_OC1PreloadConfig), (18 bytes).
    Removing stm32f10x_tim.o(i.TIM_OC2FastConfig), (26 bytes).
    Removing stm32f10x_tim.o(i.TIM_OC2Init), (164 bytes).
    Removing stm32f10x_tim.o(i.TIM_OC2NPolarityConfig), (26 bytes).
    Removing stm32f10x_tim.o(i.TIM_OC2PolarityConfig), (26 bytes).
    Removing stm32f10x_tim.o(i.TIM_OC2PreloadConfig), (26 bytes).
    Removing stm32f10x_tim.o(i.TIM_OC3FastConfig), (18 bytes).
    Removing stm32f10x_tim.o(i.TIM_OC3Init), (160 bytes).
    Removing stm32f10x_tim.o(i.TIM_OC3NPolarityConfig), (26 bytes).
    Removing stm32f10x_tim.o(i.TIM_OC3PolarityConfig), (26 bytes).
    Removing stm32f10x_tim.o(i.TIM_OC3PreloadConfig), (18 bytes).
    Removing stm32f10x_tim.o(i.TIM_OC4FastConfig), (26 bytes).
    Removing stm32f10x_tim.o(i.TIM_OC4Init), (124 bytes).
    Removing stm32f10x_tim.o(i.TIM_OC4PolarityConfig), (26 bytes).
    Removing stm32f10x_tim.o(i.TIM_OC4PreloadConfig), (26 bytes).
    Removing stm32f10x_tim.o(i.TIM_OCStructInit), (20 bytes).
    Removing stm32f10x_tim.o(i.TIM_PWMIConfig), (124 bytes).
    Removing stm32f10x_tim.o(i.TIM_PrescalerConfig), (6 bytes).
    Removing stm32f10x_tim.o(i.TIM_SelectCCDMA), (24 bytes).
    Removing stm32f10x_tim.o(i.TIM_SelectCOM), (24 bytes).
    Removing stm32f10x_tim.o(i.TIM_SelectHallSensor), (24 bytes).
    Removing stm32f10x_tim.o(i.TIM_SelectInputTrigger), (18 bytes).
    Removing stm32f10x_tim.o(i.TIM_SelectMasterSlaveMode), (18 bytes).
    Removing stm32f10x_tim.o(i.TIM_SelectOCxM), (82 bytes).
    Removing stm32f10x_tim.o(i.TIM_SelectOnePulseMode), (18 bytes).
    Removing stm32f10x_tim.o(i.TIM_SelectOutputTrigger), (18 bytes).
    Removing stm32f10x_tim.o(i.TIM_SelectSlaveMode), (18 bytes).
    Removing stm32f10x_tim.o(i.TIM_SetAutoreload), (4 bytes).
    Removing stm32f10x_tim.o(i.TIM_SetClockDivision), (18 bytes).
    Removing stm32f10x_tim.o(i.TIM_SetCompare1), (4 bytes).
    Removing stm32f10x_tim.o(i.TIM_SetCompare2), (4 bytes).
    Removing stm32f10x_tim.o(i.TIM_SetCompare3), (4 bytes).
    Removing stm32f10x_tim.o(i.TIM_SetCompare4), (6 bytes).
    Removing stm32f10x_tim.o(i.TIM_SetCounter), (4 bytes).
    Removing stm32f10x_tim.o(i.TIM_SetIC1Prescaler), (18 bytes).
    Removing stm32f10x_tim.o(i.TIM_SetIC2Prescaler), (26 bytes).
    Removing stm32f10x_tim.o(i.TIM_SetIC3Prescaler), (18 bytes).
    Removing stm32f10x_tim.o(i.TIM_SetIC4Prescaler), (26 bytes).
    Removing stm32f10x_tim.o(i.TIM_TIxExternalClockConfig), (62 bytes).
    Removing stm32f10x_tim.o(i.TIM_TimeBaseStructInit), (18 bytes).
    Removing stm32f10x_tim.o(i.TIM_UpdateDisableConfig), (24 bytes).
    Removing stm32f10x_tim.o(i.TIM_UpdateRequestConfig), (24 bytes).
    Removing stm32f10x_usart.o(i.USART_ClearFlag), (18 bytes).
    Removing stm32f10x_usart.o(i.USART_ClockInit), (34 bytes).
    Removing stm32f10x_usart.o(i.USART_ClockStructInit), (12 bytes).
    Removing stm32f10x_usart.o(i.USART_DMACmd), (18 bytes).
    Removing stm32f10x_usart.o(i.USART_DeInit), (156 bytes).
    Removing stm32f10x_usart.o(i.USART_GetFlagStatus), (26 bytes).
    Removing stm32f10x_usart.o(i.USART_HalfDuplexCmd), (24 bytes).
    Removing stm32f10x_usart.o(i.USART_IrDACmd), (24 bytes).
    Removing stm32f10x_usart.o(i.USART_IrDAConfig), (18 bytes).
    Removing stm32f10x_usart.o(i.USART_LINBreakDetectLengthConfig), (18 bytes).
    Removing stm32f10x_usart.o(i.USART_LINCmd), (24 bytes).
    Removing stm32f10x_usart.o(i.USART_OneBitMethodCmd), (24 bytes).
    Removing stm32f10x_usart.o(i.USART_OverSampling8Cmd), (22 bytes).
    Removing stm32f10x_usart.o(i.USART_ReceiverWakeUpCmd), (24 bytes).
    Removing stm32f10x_usart.o(i.USART_SendBreak), (10 bytes).
    Removing stm32f10x_usart.o(i.USART_SendData), (8 bytes).
    Removing stm32f10x_usart.o(i.USART_SetAddress), (18 bytes).
    Removing stm32f10x_usart.o(i.USART_SetGuardTime), (16 bytes).
    Removing stm32f10x_usart.o(i.USART_SetPrescaler), (16 bytes).
    Removing stm32f10x_usart.o(i.USART_SmartCardCmd), (24 bytes).
    Removing stm32f10x_usart.o(i.USART_SmartCardNACKCmd), (24 bytes).
    Removing stm32f10x_usart.o(i.USART_StructInit), (24 bytes).
    Removing stm32f10x_usart.o(i.USART_WakeUpConfig), (18 bytes).
    Removing stm32f10x_wwdg.o(i.WWDG_ClearFlag), (12 bytes).
    Removing stm32f10x_wwdg.o(i.WWDG_DeInit), (22 bytes).
    Removing stm32f10x_wwdg.o(i.WWDG_Enable), (16 bytes).
    Removing stm32f10x_wwdg.o(i.WWDG_EnableIT), (12 bytes).
    Removing stm32f10x_wwdg.o(i.WWDG_GetFlagStatus), (12 bytes).
    Removing stm32f10x_wwdg.o(i.WWDG_SetCounter), (16 bytes).
    Removing stm32f10x_wwdg.o(i.WWDG_SetPrescaler), (24 bytes).
    Removing stm32f10x_wwdg.o(i.WWDG_SetWindowValue), (40 bytes).
    Removing sys.o(.emb_text), (6 bytes).
    Removing sys.o(i.INTX_DISABLE), (4 bytes).
    Removing sys.o(i.INTX_ENABLE), (4 bytes).
    Removing sys.o(i.WFI_SET), (4 bytes).
    Removing usart.o(i._sys_exit), (4 bytes).
    Removing adc.o(i.adc1_init), (152 bytes).
    Removing adc.o(i.get_adc_average), (46 bytes).
    Removing adc.o(i.get_adc_value), (52 bytes).
    Removing dac.o(i.dac1_init), (92 bytes).
    Removing dac.o(i.dac1_set_vol), (52 bytes).
    Removing dma.o(i.my_dam_init), (80 bytes).
    Removing dma.o(i.my_dma_enable), (36 bytes).
    Removing dma.o(.data), (2 bytes).
    Removing exti.o(i.EXTIX_Init), (108 bytes).
    Removing my_oled.o(i.OLED_Display_Off), (28 bytes).
    Removing my_oled.o(i.OLED_Display_On), (28 bytes).
    Removing my_oled.o(i.OLED_Fill), (58 bytes).
    Removing pwm.o(i.TIM3_PWM_Init), (144 bytes).
    Removing usart3.o(i.Usart3_Init), (168 bytes).
    Removing usart3.o(i.UsartPrintf), (72 bytes).
    Removing usart3.o(i.Usart_SendByte), (30 bytes).
    Removing usart3.o(i.Usart_SendHalfWord), (60 bytes).
    Removing usart3.o(i.Usart_SendString), (50 bytes).
    Removing usart3.o(i.Usart_SendString2), (42 bytes).
    Removing sim9001.o(i.Find_char), (24 bytes).
    Removing sim9001.o(i.sim900a_send_Chinese_message), (348 bytes).
    Removing sim9001.o(.bss), (64 bytes).
    Removing dfltui.o(.text), (26 bytes).
    Removing dfixui.o(.text), (50 bytes).

470 unused section(s) (total 19810 bytes) removed from the image.

==============================================================================

Image Symbol Table

    Local Symbols

    Symbol Name                              Value     Ov Type        Size  Object(Section)

    ../clib/microlib/division.c              0x00000000   Number         0  uldiv.o ABSOLUTE
    ../clib/microlib/division.c              0x00000000   Number         0  uidiv.o ABSOLUTE
    ../clib/microlib/init/entry.s            0x00000000   Number         0  entry12b.o ABSOLUTE
    ../clib/microlib/init/entry.s            0x00000000   Number         0  entry7b.o ABSOLUTE
    ../clib/microlib/init/entry.s            0x00000000   Number         0  entry8a.o ABSOLUTE
    ../clib/microlib/init/entry.s            0x00000000   Number         0  entry9a.o ABSOLUTE
    ../clib/microlib/init/entry.s            0x00000000   Number         0  entry2.o ABSOLUTE
    ../clib/microlib/init/entry.s            0x00000000   Number         0  entry9b.o ABSOLUTE
    ../clib/microlib/init/entry.s            0x00000000   Number         0  entry11a.o ABSOLUTE
    ../clib/microlib/init/entry.s            0x00000000   Number         0  entry10a.o ABSOLUTE
    ../clib/microlib/init/entry.s            0x00000000   Number         0  entry11b.o ABSOLUTE
    ../clib/microlib/init/entry.s            0x00000000   Number         0  entry10b.o ABSOLUTE
    ../clib/microlib/init/entry.s            0x00000000   Number         0  entry.o ABSOLUTE
    ../clib/microlib/init/entry.s            0x00000000   Number         0  entry8b.o ABSOLUTE
    ../clib/microlib/init/entry.s            0x00000000   Number         0  entry12a.o ABSOLUTE
    ../clib/microlib/init/entry.s            0x00000000   Number         0  entry5.o ABSOLUTE
    ../clib/microlib/init/entry.s            0x00000000   Number         0  entry7a.o ABSOLUTE
    ../clib/microlib/longlong.c              0x00000000   Number         0  llushr.o ABSOLUTE
    ../clib/microlib/longlong.c              0x00000000   Number         0  llsshr.o ABSOLUTE
    ../clib/microlib/longlong.c              0x00000000   Number         0  llshl.o ABSOLUTE
    ../clib/microlib/printf/printf.c         0x00000000   Number         0  printf8.o ABSOLUTE
    ../clib/microlib/printf/printf.c         0x00000000   Number         0  printfa.o ABSOLUTE
    ../clib/microlib/printf/printf.c         0x00000000   Number         0  printf7.o ABSOLUTE
    ../clib/microlib/printf/printf.c         0x00000000   Number         0  printf6.o ABSOLUTE
    ../clib/microlib/printf/printf.c         0x00000000   Number         0  printf5.o ABSOLUTE
    ../clib/microlib/printf/printf.c         0x00000000   Number         0  printf2.o ABSOLUTE
    ../clib/microlib/printf/printf.c         0x00000000   Number         0  printf1.o ABSOLUTE
    ../clib/microlib/printf/printf.c         0x00000000   Number         0  printf3.o ABSOLUTE
    ../clib/microlib/printf/printf.c         0x00000000   Number         0  printf4.o ABSOLUTE
    ../clib/microlib/printf/printf.c         0x00000000   Number         0  printfb.o ABSOLUTE
    ../clib/microlib/printf/printf.c         0x00000000   Number         0  printf0.o ABSOLUTE
    ../clib/microlib/printf/stubs.s          0x00000000   Number         0  stubs.o ABSOLUTE
    ../clib/microlib/string/strstr.c         0x00000000   Number         0  strstr.o ABSOLUTE
    ../clib/microlib/stubs.s                 0x00000000   Number         0  useno.o ABSOLUTE
    ../clib/microlib/stubs.s                 0x00000000   Number         0  iusefp.o ABSOLUTE
    ../fplib/microlib/d2f.c                  0x00000000   Number         0  d2f.o ABSOLUTE
    ../fplib/microlib/f2d.c                  0x00000000   Number         0  f2d.o ABSOLUTE
    ../fplib/microlib/fpadd.c                0x00000000   Number         0  dadd.o ABSOLUTE
    ../fplib/microlib/fpdiv.c                0x00000000   Number         0  ddiv.o ABSOLUTE
    ../fplib/microlib/fpepilogue.c           0x00000000   Number         0  fepilogue.o ABSOLUTE
    ../fplib/microlib/fpepilogue.c           0x00000000   Number         0  depilogue.o ABSOLUTE
    ../fplib/microlib/fpfix.c                0x00000000   Number         0  ffixi.o ABSOLUTE
    ../fplib/microlib/fpfix.c                0x00000000   Number         0  dfixui.o ABSOLUTE
    ../fplib/microlib/fpfix.c                0x00000000   Number         0  dfixul.o ABSOLUTE
    ../fplib/microlib/fpflt.c                0x00000000   Number         0  dfltui.o ABSOLUTE
    ../fplib/microlib/fpflt.c                0x00000000   Number         0  ffltui.o ABSOLUTE
    ../fplib/microlib/fpflt.c                0x00000000   Number         0  fflti.o ABSOLUTE
    ../fplib/microlib/fpmul.c                0x00000000   Number         0  dmul.o ABSOLUTE
    ../fplib/microlib/fpmul.c                0x00000000   Number         0  fmul.o ABSOLUTE
    ..\..\CORE\core_cm3.c                    0x00000000   Number         0  core_cm3.o ABSOLUTE
    ..\..\CORE\startup_stm32f10x_md.s        0x00000000   Number         0  startup_stm32f10x_md.o ABSOLUTE
    ..\..\HARDWARE\BEEP\beep.c               0x00000000   Number         0  beep.o ABSOLUTE
    ..\..\HARDWARE\KEY\key.c                 0x00000000   Number         0  key.o ABSOLUTE
    ..\..\HARDWARE\LED\LED.C                 0x00000000   Number         0  led_1.o ABSOLUTE
    ..\..\HARDWARE\TIME\my_time.c            0x00000000   Number         0  my_time.o ABSOLUTE
    ..\..\HARDWARE\adc\adc.c                 0x00000000   Number         0  adc.o ABSOLUTE
    ..\..\HARDWARE\dac\dac.c                 0x00000000   Number         0  dac.o ABSOLUTE
    ..\..\HARDWARE\dma\dma.c                 0x00000000   Number         0  dma.o ABSOLUTE
    ..\..\HARDWARE\ds18b20\ds18b20.c         0x00000000   Number         0  ds18b20.o ABSOLUTE
    ..\..\HARDWARE\exti\exti.c               0x00000000   Number         0  exti.o ABSOLUTE
    ..\..\HARDWARE\hc_sr501\hc_sr501.c       0x00000000   Number         0  hc_sr501.o ABSOLUTE
    ..\..\HARDWARE\mq_2\mq_2.c               0x00000000   Number         0  mq_2.o ABSOLUTE
    ..\..\HARDWARE\oled\my_oled.c            0x00000000   Number         0  my_oled.o ABSOLUTE
    ..\..\HARDWARE\pwm\pwm.c                 0x00000000   Number         0  pwm.o ABSOLUTE
    ..\..\HARDWARE\usart3\sim9001.c          0x00000000   Number         0  sim9001.o ABSOLUTE
    ..\..\HARDWARE\usart3\usart3.c           0x00000000   Number         0  usart3.o ABSOLUTE
    ..\..\STM32F10x_FWLib\src\misc.c         0x00000000   Number         0  misc.o ABSOLUTE
    ..\..\STM32F10x_FWLib\src\stm32f10x_adc.c 0x00000000   Number         0  stm32f10x_adc.o ABSOLUTE
    ..\..\STM32F10x_FWLib\src\stm32f10x_bkp.c 0x00000000   Number         0  stm32f10x_bkp.o ABSOLUTE
    ..\..\STM32F10x_FWLib\src\stm32f10x_can.c 0x00000000   Number         0  stm32f10x_can.o ABSOLUTE
    ..\..\STM32F10x_FWLib\src\stm32f10x_cec.c 0x00000000   Number         0  stm32f10x_cec.o ABSOLUTE
    ..\..\STM32F10x_FWLib\src\stm32f10x_crc.c 0x00000000   Number         0  stm32f10x_crc.o ABSOLUTE
    ..\..\STM32F10x_FWLib\src\stm32f10x_dac.c 0x00000000   Number         0  stm32f10x_dac.o ABSOLUTE
    ..\..\STM32F10x_FWLib\src\stm32f10x_dbgmcu.c 0x00000000   Number         0  stm32f10x_dbgmcu.o ABSOLUTE
    ..\..\STM32F10x_FWLib\src\stm32f10x_dma.c 0x00000000   Number         0  stm32f10x_dma.o ABSOLUTE
    ..\..\STM32F10x_FWLib\src\stm32f10x_exti.c 0x00000000   Number         0  stm32f10x_exti.o ABSOLUTE
    ..\..\STM32F10x_FWLib\src\stm32f10x_flash.c 0x00000000   Number         0  stm32f10x_flash.o ABSOLUTE
    ..\..\STM32F10x_FWLib\src\stm32f10x_fsmc.c 0x00000000   Number         0  stm32f10x_fsmc.o ABSOLUTE
    ..\..\STM32F10x_FWLib\src\stm32f10x_gpio.c 0x00000000   Number         0  stm32f10x_gpio.o ABSOLUTE
    ..\..\STM32F10x_FWLib\src\stm32f10x_i2c.c 0x00000000   Number         0  stm32f10x_i2c.o ABSOLUTE
    ..\..\STM32F10x_FWLib\src\stm32f10x_iwdg.c 0x00000000   Number         0  stm32f10x_iwdg.o ABSOLUTE
    ..\..\STM32F10x_FWLib\src\stm32f10x_pwr.c 0x00000000   Number         0  stm32f10x_pwr.o ABSOLUTE
    ..\..\STM32F10x_FWLib\src\stm32f10x_rcc.c 0x00000000   Number         0  stm32f10x_rcc.o ABSOLUTE
    ..\..\STM32F10x_FWLib\src\stm32f10x_rtc.c 0x00000000   Number         0  stm32f10x_rtc.o ABSOLUTE
    ..\..\STM32F10x_FWLib\src\stm32f10x_sdio.c 0x00000000   Number         0  stm32f10x_sdio.o ABSOLUTE
    ..\..\STM32F10x_FWLib\src\stm32f10x_spi.c 0x00000000   Number         0  stm32f10x_spi.o ABSOLUTE
    ..\..\STM32F10x_FWLib\src\stm32f10x_tim.c 0x00000000   Number         0  stm32f10x_tim.o ABSOLUTE
    ..\..\STM32F10x_FWLib\src\stm32f10x_usart.c 0x00000000   Number         0  stm32f10x_usart.o ABSOLUTE
    ..\..\STM32F10x_FWLib\src\stm32f10x_wwdg.c 0x00000000   Number         0  stm32f10x_wwdg.o ABSOLUTE
    ..\..\system\delay\delay.c               0x00000000   Number         0  delay.o ABSOLUTE
    ..\..\system\sys\sys.c                   0x00000000   Number         0  sys.o ABSOLUTE
    ..\..\system\usart\usart.c               0x00000000   Number         0  usart.o ABSOLUTE
    ..\\..\\CORE\\core_cm3.c                 0x00000000   Number         0  core_cm3.o ABSOLUTE
    ..\\..\\system\\sys\\sys.c               0x00000000   Number         0  sys.o ABSOLUTE
    cdrcmple.s                               0x00000000   Number         0  cdrcmple.o ABSOLUTE
    cfcmple.s                                0x00000000   Number         0  cfcmple.o ABSOLUTE
    cfrcmple.s                               0x00000000   Number         0  cfrcmple.o ABSOLUTE
    dc.s                                     0x00000000   Number         0  dc.o ABSOLUTE
    handlers.s                               0x00000000   Number         0  handlers.o ABSOLUTE
    init.s                                   0x00000000   Number         0  init.o ABSOLUTE
    main.c                                   0x00000000   Number         0  main.o ABSOLUTE
    stm32f10x_it.c                           0x00000000   Number         0  stm32f10x_it.o ABSOLUTE
    system_stm32f10x.c                       0x00000000   Number         0  system_stm32f10x.o ABSOLUTE
    RESET                                    0x08000000   Section      236  startup_stm32f10x_md.o(RESET)
    .ARM.Collect$$$$00000000                 0x080000ec   Section        0  entry.o(.ARM.Collect$$$$00000000)
    .ARM.Collect$$$$00000001                 0x080000ec   Section        4  entry2.o(.ARM.Collect$$$$00000001)
    .ARM.Collect$$$$00000004                 0x080000f0   Section        4  entry5.o(.ARM.Collect$$$$00000004)
    .ARM.Collect$$$$00000008                 0x080000f4   Section        0  entry7b.o(.ARM.Collect$$$$00000008)
    .ARM.Collect$$$$0000000A                 0x080000f4   Section        0  entry8b.o(.ARM.Collect$$$$0000000A)
    .ARM.Collect$$$$0000000B                 0x080000f4   Section        8  entry9a.o(.ARM.Collect$$$$0000000B)
    .ARM.Collect$$$$0000000E                 0x080000fc   Section        4  entry12b.o(.ARM.Collect$$$$0000000E)
    .ARM.Collect$$$$0000000F                 0x08000100   Section        0  entry10a.o(.ARM.Collect$$$$0000000F)
    .ARM.Collect$$$$00000011                 0x08000100   Section        0  entry11a.o(.ARM.Collect$$$$00000011)
    .ARM.Collect$$$$00002712                 0x08000100   Section        4  entry2.o(.ARM.Collect$$$$00002712)
    __lit__00000000                          0x08000100   Data           4  entry2.o(.ARM.Collect$$$$00002712)
    .text                                    0x08000104   Section       36  startup_stm32f10x_md.o(.text)
    .text                                    0x08000128   Section        0  fmul.o(.text)
    .text                                    0x0800018c   Section        0  dmul.o(.text)
    .text                                    0x08000270   Section        0  fflti.o(.text)
    .text                                    0x08000282   Section        0  ffltui.o(.text)
    .text                                    0x0800028c   Section        0  ffixi.o(.text)
    .text                                    0x080002be   Section        0  f2d.o(.text)
    .text                                    0x080002e4   Section       48  cdrcmple.o(.text)
    .text                                    0x08000314   Section        0  d2f.o(.text)
    .text                                    0x0800034c   Section       20  cfcmple.o(.text)
    .text                                    0x08000360   Section       20  cfrcmple.o(.text)
    .text                                    0x08000374   Section        0  uidiv.o(.text)
    .text                                    0x080003a0   Section        0  uldiv.o(.text)
    .text                                    0x08000402   Section        0  llushr.o(.text)
    .text                                    0x08000422   Section        0  fepilogue.o(.text)
    .text                                    0x08000422   Section        0  iusefp.o(.text)
    .text                                    0x08000490   Section        0  depilogue.o(.text)
    .text                                    0x0800054a   Section        0  dadd.o(.text)
    .text                                    0x08000698   Section        0  ddiv.o(.text)
    .text                                    0x08000776   Section        0  dfixul.o(.text)
    .text                                    0x080007a8   Section       36  init.o(.text)
    .text                                    0x080007cc   Section        0  llshl.o(.text)
    .text                                    0x080007ea   Section        0  llsshr.o(.text)
    i.ADC_Cmd                                0x0800080e   Section        0  stm32f10x_adc.o(i.ADC_Cmd)
    i.ADC_GetCalibrationStatus               0x08000824   Section        0  stm32f10x_adc.o(i.ADC_GetCalibrationStatus)
    i.ADC_GetConversionValue                 0x08000838   Section        0  stm32f10x_adc.o(i.ADC_GetConversionValue)
    i.ADC_GetFlagStatus                      0x08000840   Section        0  stm32f10x_adc.o(i.ADC_GetFlagStatus)
    i.ADC_GetResetCalibrationStatus          0x08000852   Section        0  stm32f10x_adc.o(i.ADC_GetResetCalibrationStatus)
    i.ADC_Init                               0x08000868   Section        0  stm32f10x_adc.o(i.ADC_Init)
    i.ADC_RegularChannelConfig               0x080008b8   Section        0  stm32f10x_adc.o(i.ADC_RegularChannelConfig)
    i.ADC_ResetCalibration                   0x08000970   Section        0  stm32f10x_adc.o(i.ADC_ResetCalibration)
    i.ADC_SoftwareStartConvCmd               0x0800097a   Section        0  stm32f10x_adc.o(i.ADC_SoftwareStartConvCmd)
    i.ADC_StartCalibration                   0x08000990   Section        0  stm32f10x_adc.o(i.ADC_StartCalibration)
    i.BEEP_Init                              0x0800099c   Section        0  beep.o(i.BEEP_Init)
    i.BusFault_Handler                       0x080009d0   Section        0  stm32f10x_it.o(i.BusFault_Handler)
    i.DS18B20_Check                          0x080009d4   Section        0  ds18b20.o(i.DS18B20_Check)
    i.DS18B20_Get_temp                       0x08000a3c   Section        0  ds18b20.o(i.DS18B20_Get_temp)
    i.DS18B20_Init                           0x08000ae4   Section        0  ds18b20.o(i.DS18B20_Init)
    i.DS18B20_Read_Bit                       0x08000b20   Section        0  ds18b20.o(i.DS18B20_Read_Bit)
    i.DS18B20_Read_Byte                      0x08000b90   Section        0  ds18b20.o(i.DS18B20_Read_Byte)
    i.DS18B20_Rst                            0x08000bb4   Section        0  ds18b20.o(i.DS18B20_Rst)
    i.DS18B20_Start                          0x08000bfc   Section        0  ds18b20.o(i.DS18B20_Start)
    i.DS18B20_Write_Byte                     0x08000c14   Section        0  ds18b20.o(i.DS18B20_Write_Byte)
    i.DebugMon_Handler                       0x08000c90   Section        0  stm32f10x_it.o(i.DebugMon_Handler)
    i.EXTI9_5_IRQHandler                     0x08000c94   Section        0  exti.o(i.EXTI9_5_IRQHandler)
    i.EXTI_ClearITPendingBit                 0x08000d88   Section        0  stm32f10x_exti.o(i.EXTI_ClearITPendingBit)
    i.EXTI_GetITStatus                       0x08000d94   Section        0  stm32f10x_exti.o(i.EXTI_GetITStatus)
    i.GPIO_Init                              0x08000dbc   Section        0  stm32f10x_gpio.o(i.GPIO_Init)
    i.GPIO_SetBits                           0x08000ed2   Section        0  stm32f10x_gpio.o(i.GPIO_SetBits)
    i.HardFault_Handler                      0x08000ed6   Section        0  stm32f10x_it.o(i.HardFault_Handler)
    i.Hardware_Init                          0x08000edc   Section        0  main.o(i.Hardware_Init)
    i.KEY_Init                               0x08000f8c   Section        0  key.o(i.KEY_Init)
    i.KEY_Scan                               0x08000fc4   Section        0  key.o(i.KEY_Scan)
    i.LED_Init                               0x08001044   Section        0  led_1.o(i.LED_Init)
    i.MemManage_Handler                      0x08001084   Section        0  stm32f10x_it.o(i.MemManage_Handler)
    i.NMI_Handler                            0x08001088   Section        0  stm32f10x_it.o(i.NMI_Handler)
    i.NVIC_Init                              0x0800108c   Section        0  misc.o(i.NVIC_Init)
    i.NVIC_PriorityGroupConfig               0x080010fc   Section        0  misc.o(i.NVIC_PriorityGroupConfig)
    i.OLED_Clear                             0x08001110   Section        0  my_oled.o(i.OLED_Clear)
    i.OLED_DrawPoint                         0x08001140   Section        0  my_oled.o(i.OLED_DrawPoint)
    i.OLED_Init                              0x080011a8   Section        0  my_oled.o(i.OLED_Init)
    i.OLED_Refresh_Gram                      0x080012d0   Section        0  my_oled.o(i.OLED_Refresh_Gram)
    i.OLED_ShowChar                          0x0800131c   Section        0  my_oled.o(i.OLED_ShowChar)
    i.OLED_ShowNum                           0x08001428   Section        0  my_oled.o(i.OLED_ShowNum)
    i.OLED_ShowString                        0x080014bc   Section        0  my_oled.o(i.OLED_ShowString)
    i.OLED_WR_Byte                           0x0800151c   Section        0  my_oled.o(i.OLED_WR_Byte)
    i.PendSV_Handler                         0x08001578   Section        0  stm32f10x_it.o(i.PendSV_Handler)
    i.RCC_ADCCLKConfig                       0x0800157c   Section        0  stm32f10x_rcc.o(i.RCC_ADCCLKConfig)
    i.RCC_APB1PeriphClockCmd                 0x08001594   Section        0  stm32f10x_rcc.o(i.RCC_APB1PeriphClockCmd)
    i.RCC_APB2PeriphClockCmd                 0x080015b4   Section        0  stm32f10x_rcc.o(i.RCC_APB2PeriphClockCmd)
    i.RCC_GetClocksFreq                      0x080015d4   Section        0  stm32f10x_rcc.o(i.RCC_GetClocksFreq)
    i.SVC_Handler                            0x080016a8   Section        0  stm32f10x_it.o(i.SVC_Handler)
    i.SetSysClock                            0x080016aa   Section        0  system_stm32f10x.o(i.SetSysClock)
    SetSysClock                              0x080016ab   Thumb Code     8  system_stm32f10x.o(i.SetSysClock)
    i.SetSysClockTo72                        0x080016b4   Section        0  system_stm32f10x.o(i.SetSysClockTo72)
    SetSysClockTo72                          0x080016b5   Thumb Code   214  system_stm32f10x.o(i.SetSysClockTo72)
    i.SysTick_CLKSourceConfig                0x08001794   Section        0  misc.o(i.SysTick_CLKSourceConfig)
    i.SysTick_Handler                        0x080017bc   Section        0  stm32f10x_it.o(i.SysTick_Handler)
    i.SystemInit                             0x080017c0   Section        0  system_stm32f10x.o(i.SystemInit)
    i.TIM2_Init                              0x08001820   Section        0  my_time.o(i.TIM2_Init)
    i.TIM3_IRQHandler                        0x0800187c   Section        0  my_time.o(i.TIM3_IRQHandler)
    i.TIM3_Int_Init                          0x080019d0   Section        0  my_time.o(i.TIM3_Int_Init)
    i.TIM_ClearFlag                          0x08001a30   Section        0  stm32f10x_tim.o(i.TIM_ClearFlag)
    i.TIM_ClearITPendingBit                  0x08001a36   Section        0  stm32f10x_tim.o(i.TIM_ClearITPendingBit)
    i.TIM_Cmd                                0x08001a3c   Section        0  stm32f10x_tim.o(i.TIM_Cmd)
    i.TIM_GetFlagStatus                      0x08001a54   Section        0  stm32f10x_tim.o(i.TIM_GetFlagStatus)
    i.TIM_GetITStatus                        0x08001a66   Section        0  stm32f10x_tim.o(i.TIM_GetITStatus)
    i.TIM_ITConfig                           0x08001a88   Section        0  stm32f10x_tim.o(i.TIM_ITConfig)
    i.TIM_TimeBaseInit                       0x08001a9c   Section        0  stm32f10x_tim.o(i.TIM_TimeBaseInit)
    i.USART1_IRQHandler                      0x08001b40   Section        0  usart.o(i.USART1_IRQHandler)
    i.USART3_IRQHandler                      0x08001bc8   Section        0  usart3.o(i.USART3_IRQHandler)
    i.USART_ClearITPendingBit                0x08001c24   Section        0  stm32f10x_usart.o(i.USART_ClearITPendingBit)
    i.USART_Cmd                              0x08001c42   Section        0  stm32f10x_usart.o(i.USART_Cmd)
    i.USART_GetITStatus                      0x08001c5a   Section        0  stm32f10x_usart.o(i.USART_GetITStatus)
    i.USART_ITConfig                         0x08001cae   Section        0  stm32f10x_usart.o(i.USART_ITConfig)
    i.USART_Init                             0x08001cf8   Section        0  stm32f10x_usart.o(i.USART_Init)
    i.USART_ReceiveData                      0x08001dd0   Section        0  stm32f10x_usart.o(i.USART_ReceiveData)
    i.UsageFault_Handler                     0x08001dda   Section        0  stm32f10x_it.o(i.UsageFault_Handler)
    i.__0printf                              0x08001de0   Section        0  printfa.o(i.__0printf)
    i.__scatterload_copy                     0x08001e00   Section       14  handlers.o(i.__scatterload_copy)
    i.__scatterload_null                     0x08001e0e   Section        2  handlers.o(i.__scatterload_null)
    i.__scatterload_zeroinit                 0x08001e10   Section       14  handlers.o(i.__scatterload_zeroinit)
    i._fp_digits                             0x08001e20   Section        0  printfa.o(i._fp_digits)
    _fp_digits                               0x08001e21   Thumb Code   366  printfa.o(i._fp_digits)
    i._printf_core                           0x08001fa4   Section        0  printfa.o(i._printf_core)
    _printf_core                             0x08001fa5   Thumb Code  1704  printfa.o(i._printf_core)
    i._printf_post_padding                   0x08002658   Section        0  printfa.o(i._printf_post_padding)
    _printf_post_padding                     0x08002659   Thumb Code    36  printfa.o(i._printf_post_padding)
    i._printf_pre_padding                    0x0800267c   Section        0  printfa.o(i._printf_pre_padding)
    _printf_pre_padding                      0x0800267d   Thumb Code    46  printfa.o(i._printf_pre_padding)
    i.delay_init                             0x080026ac   Section        0  delay.o(i.delay_init)
    i.delay_ms                               0x080026f0   Section        0  delay.o(i.delay_ms)
    i.delay_us                               0x0800273c   Section        0  delay.o(i.delay_us)
    i.fputc                                  0x08002788   Section        0  usart.o(i.fputc)
    i.get_mq2_adc                            0x080027a4   Section        0  mq_2.o(i.get_mq2_adc)
    i.get_mq2_adc_aver                       0x080027d4   Section        0  mq_2.o(i.get_mq2_adc_aver)
    i.hc_sr501_init                          0x08002804   Section        0  hc_sr501.o(i.hc_sr501_init)
    i.main                                   0x08002830   Section        0  main.o(i.main)
    i.mq_2_adc_init                          0x08002bac   Section        0  mq_2.o(i.mq_2_adc_init)
    i.mypow                                  0x08002c40   Section        0  my_oled.o(i.mypow)
    i.uart_init                              0x08002c58   Section        0  usart.o(i.uart_init)
    .constdata                               0x08002cf8   Section     6080  my_oled.o(.constdata)
    .data                                    0x20000000   Section       20  system_stm32f10x.o(.data)
    .data                                    0x20000014   Section      139  main.o(.data)
    .data                                    0x2000009f   Section       20  stm32f10x_rcc.o(.data)
    APBAHBPrescTable                         0x2000009f   Data          16  stm32f10x_rcc.o(.data)
    ADCPrescTable                            0x200000af   Data           4  stm32f10x_rcc.o(.data)
    .data                                    0x200000b4   Section        4  delay.o(.data)
    fac_us                                   0x200000b4   Data           1  delay.o(.data)
    fac_ms                                   0x200000b6   Data           2  delay.o(.data)
    .data                                    0x200000b8   Section        6  usart.o(.data)
    .data                                    0x200000be   Section        1  key.o(.data)
    key_up                                   0x200000be   Data           1  key.o(.data)
    .data                                    0x200000bf   Section        2  usart3.o(.data)
    .bss                                     0x200000c4   Section      200  usart.o(.bss)
    .bss                                     0x2000018c   Section     1024  my_oled.o(.bss)
    .bss                                     0x2000058c   Section     4000  usart3.o(.bss)
    STACK                                    0x20001530   Section     1024  startup_stm32f10x_md.o(STACK)

    Global Symbols

    Symbol Name                              Value     Ov Type        Size  Object(Section)

    BuildAttributes$$THM_ISAv4$P$D$K$B$S$PE$A:L22UL41UL21$X:L11$S22US41US21$IEEE1$IW$USESV6$~STKCKD$USESV7$~SHL$OTIME$ROPI$EBA8$MICROLIB$REQ8$PRES8$EABIv2 0x00000000   Number         0  anon$$obj.o ABSOLUTE
    __ARM_use_no_argv                        0x00000000   Number         0  main.o ABSOLUTE
    __use_no_errno                           0x00000000   Number         0  useno.o ABSOLUTE
    __use_no_exception_handling              0x00000000   Number         0  useno.o ABSOLUTE
    __use_no_fp                              0x00000000   Number         0  useno.o ABSOLUTE
    __use_no_heap                            0x00000000   Number         0  useno.o ABSOLUTE
    __use_no_heap_region                     0x00000000   Number         0  useno.o ABSOLUTE
    __use_no_semihosting                     0x00000000   Number         0  useno.o ABSOLUTE
    __use_no_semihosting_swi                 0x00000000   Number         0  useno.o ABSOLUTE
    __use_no_signal_handling                 0x00000000   Number         0  useno.o ABSOLUTE
    _printf_a                                0x00000000   Number         0  stubs.o ABSOLUTE
    _printf_c                                0x00000000   Number         0  stubs.o ABSOLUTE
    _printf_charcount                        0x00000000   Number         0  stubs.o ABSOLUTE
    _printf_d                                0x00000000   Number         0  stubs.o ABSOLUTE
    _printf_e                                0x00000000   Number         0  stubs.o ABSOLUTE
    _printf_f                                0x00000000   Number         0  stubs.o ABSOLUTE
    _printf_flags                            0x00000000   Number         0  stubs.o ABSOLUTE
    _printf_fp_dec                           0x00000000   Number         0  stubs.o ABSOLUTE
    _printf_fp_hex                           0x00000000   Number         0  stubs.o ABSOLUTE
    _printf_g                                0x00000000   Number         0  stubs.o ABSOLUTE
    _printf_i                                0x00000000   Number         0  stubs.o ABSOLUTE
    _printf_int_dec                          0x00000000   Number         0  stubs.o ABSOLUTE
    _printf_l                                0x00000000   Number         0  stubs.o ABSOLUTE
    _printf_lc                               0x00000000   Number         0  stubs.o ABSOLUTE
    _printf_ll                               0x00000000   Number         0  stubs.o ABSOLUTE
    _printf_lld                              0x00000000   Number         0  stubs.o ABSOLUTE
    _printf_lli                              0x00000000   Number         0  stubs.o ABSOLUTE
    _printf_llo                              0x00000000   Number         0  stubs.o ABSOLUTE
    _printf_llu                              0x00000000   Number         0  stubs.o ABSOLUTE
    _printf_llx                              0x00000000   Number         0  stubs.o ABSOLUTE
    _printf_longlong_dec                     0x00000000   Number         0  stubs.o ABSOLUTE
    _printf_longlong_hex                     0x00000000   Number         0  stubs.o ABSOLUTE
    _printf_longlong_oct                     0x00000000   Number         0  stubs.o ABSOLUTE
    _printf_ls                               0x00000000   Number         0  stubs.o ABSOLUTE
    _printf_mbtowc                           0x00000000   Number         0  stubs.o ABSOLUTE
    _printf_n                                0x00000000   Number         0  stubs.o ABSOLUTE
    _printf_o                                0x00000000   Number         0  stubs.o ABSOLUTE
    _printf_p                                0x00000000   Number         0  stubs.o ABSOLUTE
    _printf_percent                          0x00000000   Number         0  stubs.o ABSOLUTE
    _printf_pre_padding                      0x00000000   Number         0  stubs.o ABSOLUTE
    _printf_return_value                     0x00000000   Number         0  stubs.o ABSOLUTE
    _printf_s                                0x00000000   Number         0  stubs.o ABSOLUTE
    _printf_sizespec                         0x00000000   Number         0  stubs.o ABSOLUTE
    _printf_str                              0x00000000   Number         0  stubs.o ABSOLUTE
    _printf_truncate_signed                  0x00000000   Number         0  stubs.o ABSOLUTE
    _printf_truncate_unsigned                0x00000000   Number         0  stubs.o ABSOLUTE
    _printf_u                                0x00000000   Number         0  stubs.o ABSOLUTE
    _printf_wc                               0x00000000   Number         0  stubs.o ABSOLUTE
    _printf_wctomb                           0x00000000   Number         0  stubs.o ABSOLUTE
    _printf_widthprec                        0x00000000   Number         0  stubs.o ABSOLUTE
    _printf_x                                0x00000000   Number         0  stubs.o ABSOLUTE
    __arm_fini_                               - Undefined Weak Reference
    __cpp_initialize__aeabi_                  - Undefined Weak Reference
    __cxa_finalize                            - Undefined Weak Reference
    __decompress                              - Undefined Weak Reference
    _clock_init                               - Undefined Weak Reference
    _microlib_exit                            - Undefined Weak Reference
    __Vectors_Size                           0x000000ec   Number         0  startup_stm32f10x_md.o ABSOLUTE
    __Vectors                                0x08000000   Data           4  startup_stm32f10x_md.o(RESET)
    __Vectors_End                            0x080000ec   Data           0  startup_stm32f10x_md.o(RESET)
    __main                                   0x080000ed   Thumb Code     0  entry.o(.ARM.Collect$$$$00000000)
    _main_stk                                0x080000ed   Thumb Code     0  entry2.o(.ARM.Collect$$$$00000001)
    _main_scatterload                        0x080000f1   Thumb Code     0  entry5.o(.ARM.Collect$$$$00000004)
    __main_after_scatterload                 0x080000f5   Thumb Code     0  entry5.o(.ARM.Collect$$$$00000004)
    _main_clock                              0x080000f5   Thumb Code     0  entry7b.o(.ARM.Collect$$$$00000008)
    _main_cpp_init                           0x080000f5   Thumb Code     0  entry8b.o(.ARM.Collect$$$$0000000A)
    _main_init                               0x080000f5   Thumb Code     0  entry9a.o(.ARM.Collect$$$$0000000B)
    __rt_lib_shutdown_fini                   0x080000fd   Thumb Code     0  entry12b.o(.ARM.Collect$$$$0000000E)
    __rt_final_cpp                           0x08000101   Thumb Code     0  entry10a.o(.ARM.Collect$$$$0000000F)
    __rt_final_exit                          0x08000101   Thumb Code     0  entry11a.o(.ARM.Collect$$$$00000011)
    Reset_Handler                            0x08000105   Thumb Code     8  startup_stm32f10x_md.o(.text)
    ADC1_2_IRQHandler                        0x0800011f   Thumb Code     0  startup_stm32f10x_md.o(.text)
    CAN1_RX1_IRQHandler                      0x0800011f   Thumb Code     0  startup_stm32f10x_md.o(.text)
    CAN1_SCE_IRQHandler                      0x0800011f   Thumb Code     0  startup_stm32f10x_md.o(.text)
    DMA1_Channel1_IRQHandler                 0x0800011f   Thumb Code     0  startup_stm32f10x_md.o(.text)
    DMA1_Channel2_IRQHandler                 0x0800011f   Thumb Code     0  startup_stm32f10x_md.o(.text)
    DMA1_Channel3_IRQHandler                 0x0800011f   Thumb Code     0  startup_stm32f10x_md.o(.text)
    DMA1_Channel4_IRQHandler                 0x0800011f   Thumb Code     0  startup_stm32f10x_md.o(.text)
    DMA1_Channel5_IRQHandler                 0x0800011f   Thumb Code     0  startup_stm32f10x_md.o(.text)
    DMA1_Channel6_IRQHandler                 0x0800011f   Thumb Code     0  startup_stm32f10x_md.o(.text)
    DMA1_Channel7_IRQHandler                 0x0800011f   Thumb Code     0  startup_stm32f10x_md.o(.text)
    EXTI0_IRQHandler                         0x0800011f   Thumb Code     0  startup_stm32f10x_md.o(.text)
    EXTI15_10_IRQHandler                     0x0800011f   Thumb Code     0  startup_stm32f10x_md.o(.text)
    EXTI1_IRQHandler                         0x0800011f   Thumb Code     0  startup_stm32f10x_md.o(.text)
    EXTI2_IRQHandler                         0x0800011f   Thumb Code     0  startup_stm32f10x_md.o(.text)
    EXTI3_IRQHandler                         0x0800011f   Thumb Code     0  startup_stm32f10x_md.o(.text)
    EXTI4_IRQHandler                         0x0800011f   Thumb Code     0  startup_stm32f10x_md.o(.text)
    FLASH_IRQHandler                         0x0800011f   Thumb Code     0  startup_stm32f10x_md.o(.text)
    I2C1_ER_IRQHandler                       0x0800011f   Thumb Code     0  startup_stm32f10x_md.o(.text)
    I2C1_EV_IRQHandler                       0x0800011f   Thumb Code     0  startup_stm32f10x_md.o(.text)
    I2C2_ER_IRQHandler                       0x0800011f   Thumb Code     0  startup_stm32f10x_md.o(.text)
    I2C2_EV_IRQHandler                       0x0800011f   Thumb Code     0  startup_stm32f10x_md.o(.text)
    PVD_IRQHandler                           0x0800011f   Thumb Code     0  startup_stm32f10x_md.o(.text)
    RCC_IRQHandler                           0x0800011f   Thumb Code     0  startup_stm32f10x_md.o(.text)
    RTCAlarm_IRQHandler                      0x0800011f   Thumb Code     0  startup_stm32f10x_md.o(.text)
    RTC_IRQHandler                           0x0800011f   Thumb Code     0  startup_stm32f10x_md.o(.text)
    SPI1_IRQHandler                          0x0800011f   Thumb Code     0  startup_stm32f10x_md.o(.text)
    SPI2_IRQHandler                          0x0800011f   Thumb Code     0  startup_stm32f10x_md.o(.text)
    TAMPER_IRQHandler                        0x0800011f   Thumb Code     0  startup_stm32f10x_md.o(.text)
    TIM1_BRK_IRQHandler                      0x0800011f   Thumb Code     0  startup_stm32f10x_md.o(.text)
    TIM1_CC_IRQHandler                       0x0800011f   Thumb Code     0  startup_stm32f10x_md.o(.text)
    TIM1_TRG_COM_IRQHandler                  0x0800011f   Thumb Code     0  startup_stm32f10x_md.o(.text)
    TIM1_UP_IRQHandler                       0x0800011f   Thumb Code     0  startup_stm32f10x_md.o(.text)
    TIM2_IRQHandler                          0x0800011f   Thumb Code     0  startup_stm32f10x_md.o(.text)
    TIM4_IRQHandler                          0x0800011f   Thumb Code     0  startup_stm32f10x_md.o(.text)
    USART2_IRQHandler                        0x0800011f   Thumb Code     0  startup_stm32f10x_md.o(.text)
    USBWakeUp_IRQHandler                     0x0800011f   Thumb Code     0  startup_stm32f10x_md.o(.text)
    USB_HP_CAN1_TX_IRQHandler                0x0800011f   Thumb Code     0  startup_stm32f10x_md.o(.text)
    USB_LP_CAN1_RX0_IRQHandler               0x0800011f   Thumb Code     0  startup_stm32f10x_md.o(.text)
    WWDG_IRQHandler                          0x0800011f   Thumb Code     0  startup_stm32f10x_md.o(.text)
    __aeabi_fmul                             0x08000129   Thumb Code   100  fmul.o(.text)
    __aeabi_dmul                             0x0800018d   Thumb Code   228  dmul.o(.text)
    __aeabi_i2f                              0x08000271   Thumb Code    18  fflti.o(.text)
    __aeabi_ui2f                             0x08000283   Thumb Code    10  ffltui.o(.text)
    __aeabi_f2iz                             0x0800028d   Thumb Code    50  ffixi.o(.text)
    __aeabi_f2d                              0x080002bf   Thumb Code    38  f2d.o(.text)
    __aeabi_cdrcmple                         0x080002e5   Thumb Code    48  cdrcmple.o(.text)
    __aeabi_d2f                              0x08000315   Thumb Code    56  d2f.o(.text)
    __aeabi_cfcmpeq                          0x0800034d   Thumb Code     0  cfcmple.o(.text)
    __aeabi_cfcmple                          0x0800034d   Thumb Code    20  cfcmple.o(.text)
    __aeabi_cfrcmple                         0x08000361   Thumb Code    20  cfrcmple.o(.text)
    __aeabi_uidiv                            0x08000375   Thumb Code     0  uidiv.o(.text)
    __aeabi_uidivmod                         0x08000375   Thumb Code    44  uidiv.o(.text)
    __aeabi_uldivmod                         0x080003a1   Thumb Code    98  uldiv.o(.text)
    __aeabi_llsr                             0x08000403   Thumb Code    32  llushr.o(.text)
    _ll_ushift_r                             0x08000403   Thumb Code     0  llushr.o(.text)
    __I$use$fp                               0x08000423   Thumb Code     0  iusefp.o(.text)
    _float_round                             0x08000423   Thumb Code    18  fepilogue.o(.text)
    _float_epilogue                          0x08000435   Thumb Code    92  fepilogue.o(.text)
    _double_round                            0x08000491   Thumb Code    30  depilogue.o(.text)
    _double_epilogue                         0x080004af   Thumb Code   156  depilogue.o(.text)
    __aeabi_dadd                             0x0800054b   Thumb Code   322  dadd.o(.text)
    __aeabi_dsub                             0x0800068d   Thumb Code     6  dadd.o(.text)
    __aeabi_drsub                            0x08000693   Thumb Code     6  dadd.o(.text)
    __aeabi_ddiv                             0x08000699   Thumb Code   222  ddiv.o(.text)
    __aeabi_d2ulz                            0x08000777   Thumb Code    48  dfixul.o(.text)
    __scatterload                            0x080007a9   Thumb Code    28  init.o(.text)
    __scatterload_rt2                        0x080007a9   Thumb Code     0  init.o(.text)
    __aeabi_llsl                             0x080007cd   Thumb Code    30  llshl.o(.text)
    _ll_shift_l                              0x080007cd   Thumb Code     0  llshl.o(.text)
    __aeabi_lasr                             0x080007eb   Thumb Code    36  llsshr.o(.text)
    _ll_sshift_r                             0x080007eb   Thumb Code     0  llsshr.o(.text)
    ADC_Cmd                                  0x0800080f   Thumb Code    22  stm32f10x_adc.o(i.ADC_Cmd)
    ADC_GetCalibrationStatus                 0x08000825   Thumb Code    20  stm32f10x_adc.o(i.ADC_GetCalibrationStatus)
    ADC_GetConversionValue                   0x08000839   Thumb Code     8  stm32f10x_adc.o(i.ADC_GetConversionValue)
    ADC_GetFlagStatus                        0x08000841   Thumb Code    18  stm32f10x_adc.o(i.ADC_GetFlagStatus)
    ADC_GetResetCalibrationStatus            0x08000853   Thumb Code    20  stm32f10x_adc.o(i.ADC_GetResetCalibrationStatus)
    ADC_Init                                 0x08000869   Thumb Code    70  stm32f10x_adc.o(i.ADC_Init)
    ADC_RegularChannelConfig                 0x080008b9   Thumb Code   184  stm32f10x_adc.o(i.ADC_RegularChannelConfig)
    ADC_ResetCalibration                     0x08000971   Thumb Code    10  stm32f10x_adc.o(i.ADC_ResetCalibration)
    ADC_SoftwareStartConvCmd                 0x0800097b   Thumb Code    22  stm32f10x_adc.o(i.ADC_SoftwareStartConvCmd)
    ADC_StartCalibration                     0x08000991   Thumb Code    10  stm32f10x_adc.o(i.ADC_StartCalibration)
    BEEP_Init                                0x0800099d   Thumb Code    44  beep.o(i.BEEP_Init)
    BusFault_Handler                         0x080009d1   Thumb Code     4  stm32f10x_it.o(i.BusFault_Handler)
    DS18B20_Check                            0x080009d5   Thumb Code    90  ds18b20.o(i.DS18B20_Check)
    DS18B20_Get_temp                         0x08000a3d   Thumb Code   162  ds18b20.o(i.DS18B20_Get_temp)
    DS18B20_Init                             0x08000ae5   Thumb Code    54  ds18b20.o(i.DS18B20_Init)
    DS18B20_Read_Bit                         0x08000b21   Thumb Code    96  ds18b20.o(i.DS18B20_Read_Bit)
    DS18B20_Read_Byte                        0x08000b91   Thumb Code    34  ds18b20.o(i.DS18B20_Read_Byte)
    DS18B20_Rst                              0x08000bb5   Thumb Code    56  ds18b20.o(i.DS18B20_Rst)
    DS18B20_Start                            0x08000bfd   Thumb Code    24  ds18b20.o(i.DS18B20_Start)
    DS18B20_Write_Byte                       0x08000c15   Thumb Code   108  ds18b20.o(i.DS18B20_Write_Byte)
    DebugMon_Handler                         0x08000c91   Thumb Code     2  stm32f10x_it.o(i.DebugMon_Handler)
    EXTI9_5_IRQHandler                       0x08000c95   Thumb Code   194  exti.o(i.EXTI9_5_IRQHandler)
    EXTI_ClearITPendingBit                   0x08000d89   Thumb Code     6  stm32f10x_exti.o(i.EXTI_ClearITPendingBit)
    EXTI_GetITStatus                         0x08000d95   Thumb Code    34  stm32f10x_exti.o(i.EXTI_GetITStatus)
    GPIO_Init                                0x08000dbd   Thumb Code   278  stm32f10x_gpio.o(i.GPIO_Init)
    GPIO_SetBits                             0x08000ed3   Thumb Code     4  stm32f10x_gpio.o(i.GPIO_SetBits)
    HardFault_Handler                        0x08000ed7   Thumb Code     4  stm32f10x_it.o(i.HardFault_Handler)
    Hardware_Init                            0x08000edd   Thumb Code   116  main.o(i.Hardware_Init)
    KEY_Init                                 0x08000f8d   Thumb Code    46  key.o(i.KEY_Init)
    KEY_Scan                                 0x08000fc5   Thumb Code   116  key.o(i.KEY_Scan)
    LED_Init                                 0x08001045   Thumb Code    52  led_1.o(i.LED_Init)
    MemManage_Handler                        0x08001085   Thumb Code     4  stm32f10x_it.o(i.MemManage_Handler)
    NMI_Handler                              0x08001089   Thumb Code     2  stm32f10x_it.o(i.NMI_Handler)
    NVIC_Init                                0x0800108d   Thumb Code   100  misc.o(i.NVIC_Init)
    NVIC_PriorityGroupConfig                 0x080010fd   Thumb Code    10  misc.o(i.NVIC_PriorityGroupConfig)
    OLED_Clear                               0x08001111   Thumb Code    42  my_oled.o(i.OLED_Clear)
    OLED_DrawPoint                           0x08001141   Thumb Code   100  my_oled.o(i.OLED_DrawPoint)
    OLED_Init                                0x080011a9   Thumb Code   284  my_oled.o(i.OLED_Init)
    OLED_Refresh_Gram                        0x080012d1   Thumb Code    70  my_oled.o(i.OLED_Refresh_Gram)
    OLED_ShowChar                            0x0800131d   Thumb Code   254  my_oled.o(i.OLED_ShowChar)
    OLED_ShowNum                             0x08001429   Thumb Code   148  my_oled.o(i.OLED_ShowNum)
    OLED_ShowString                          0x080014bd   Thumb Code    94  my_oled.o(i.OLED_ShowString)
    OLED_WR_Byte                             0x0800151d   Thumb Code    84  my_oled.o(i.OLED_WR_Byte)
    PendSV_Handler                           0x08001579   Thumb Code     2  stm32f10x_it.o(i.PendSV_Handler)
    RCC_ADCCLKConfig                         0x0800157d   Thumb Code    18  stm32f10x_rcc.o(i.RCC_ADCCLKConfig)
    RCC_APB1PeriphClockCmd                   0x08001595   Thumb Code    26  stm32f10x_rcc.o(i.RCC_APB1PeriphClockCmd)
    RCC_APB2PeriphClockCmd                   0x080015b5   Thumb Code    26  stm32f10x_rcc.o(i.RCC_APB2PeriphClockCmd)
    RCC_GetClocksFreq                        0x080015d5   Thumb Code   192  stm32f10x_rcc.o(i.RCC_GetClocksFreq)
    SVC_Handler                              0x080016a9   Thumb Code     2  stm32f10x_it.o(i.SVC_Handler)
    SysTick_CLKSourceConfig                  0x08001795   Thumb Code    40  misc.o(i.SysTick_CLKSourceConfig)
    SysTick_Handler                          0x080017bd   Thumb Code     2  stm32f10x_it.o(i.SysTick_Handler)
    SystemInit                               0x080017c1   Thumb Code    78  system_stm32f10x.o(i.SystemInit)
    TIM2_Init                                0x08001821   Thumb Code    90  my_time.o(i.TIM2_Init)
    TIM3_IRQHandler                          0x0800187d   Thumb Code   294  my_time.o(i.TIM3_IRQHandler)
    TIM3_Int_Init                            0x080019d1   Thumb Code    90  my_time.o(i.TIM3_Int_Init)
    TIM_ClearFlag                            0x08001a31   Thumb Code     6  stm32f10x_tim.o(i.TIM_ClearFlag)
    TIM_ClearITPendingBit                    0x08001a37   Thumb Code     6  stm32f10x_tim.o(i.TIM_ClearITPendingBit)
    TIM_Cmd                                  0x08001a3d   Thumb Code    24  stm32f10x_tim.o(i.TIM_Cmd)
    TIM_GetFlagStatus                        0x08001a55   Thumb Code    18  stm32f10x_tim.o(i.TIM_GetFlagStatus)
    TIM_GetITStatus                          0x08001a67   Thumb Code    34  stm32f10x_tim.o(i.TIM_GetITStatus)
    TIM_ITConfig                             0x08001a89   Thumb Code    18  stm32f10x_tim.o(i.TIM_ITConfig)
    TIM_TimeBaseInit                         0x08001a9d   Thumb Code   122  stm32f10x_tim.o(i.TIM_TimeBaseInit)
    USART1_IRQHandler                        0x08001b41   Thumb Code   122  usart.o(i.USART1_IRQHandler)
    USART3_IRQHandler                        0x08001bc9   Thumb Code    74  usart3.o(i.USART3_IRQHandler)
    USART_ClearITPendingBit                  0x08001c25   Thumb Code    30  stm32f10x_usart.o(i.USART_ClearITPendingBit)
    USART_Cmd                                0x08001c43   Thumb Code    24  stm32f10x_usart.o(i.USART_Cmd)
    USART_GetITStatus                        0x08001c5b   Thumb Code    84  stm32f10x_usart.o(i.USART_GetITStatus)
    USART_ITConfig                           0x08001caf   Thumb Code    74  stm32f10x_usart.o(i.USART_ITConfig)
    USART_Init                               0x08001cf9   Thumb Code   210  stm32f10x_usart.o(i.USART_Init)
    USART_ReceiveData                        0x08001dd1   Thumb Code    10  stm32f10x_usart.o(i.USART_ReceiveData)
    UsageFault_Handler                       0x08001ddb   Thumb Code     4  stm32f10x_it.o(i.UsageFault_Handler)
    __0printf                                0x08001de1   Thumb Code    22  printfa.o(i.__0printf)
    __1printf                                0x08001de1   Thumb Code     0  printfa.o(i.__0printf)
    __2printf                                0x08001de1   Thumb Code     0  printfa.o(i.__0printf)
    __c89printf                              0x08001de1   Thumb Code     0  printfa.o(i.__0printf)
    printf                                   0x08001de1   Thumb Code     0  printfa.o(i.__0printf)
    __scatterload_copy                       0x08001e01   Thumb Code    14  handlers.o(i.__scatterload_copy)
    __scatterload_null                       0x08001e0f   Thumb Code     2  handlers.o(i.__scatterload_null)
    __scatterload_zeroinit                   0x08001e11   Thumb Code    14  handlers.o(i.__scatterload_zeroinit)
    delay_init                               0x080026ad   Thumb Code    50  delay.o(i.delay_init)
    delay_ms                                 0x080026f1   Thumb Code    72  delay.o(i.delay_ms)
    delay_us                                 0x0800273d   Thumb Code    72  delay.o(i.delay_us)
    fputc                                    0x08002789   Thumb Code    24  usart.o(i.fputc)
    get_mq2_adc                              0x080027a5   Thumb Code    44  mq_2.o(i.get_mq2_adc)
    get_mq2_adc_aver                         0x080027d5   Thumb Code    46  mq_2.o(i.get_mq2_adc_aver)
    hc_sr501_init                            0x08002805   Thumb Code    38  hc_sr501.o(i.hc_sr501_init)
    main                                     0x08002831   Thumb Code   718  main.o(i.main)
    mq_2_adc_init                            0x08002bad   Thumb Code   140  mq_2.o(i.mq_2_adc_init)
    mypow                                    0x08002c41   Thumb Code    22  my_oled.o(i.mypow)
    uart_init                                0x08002c59   Thumb Code   152  usart.o(i.uart_init)
    asc2_1206                                0x08002cf8   Data        1140  my_oled.o(.constdata)
    asc2_1608                                0x0800316c   Data        1520  my_oled.o(.constdata)
    asc2_2412                                0x0800375c   Data        3420  my_oled.o(.constdata)
    Region$$Table$$Base                      0x080044b8   Number         0  anon$$obj.o(Region$$Table)
    Region$$Table$$Limit                     0x080044d8   Number         0  anon$$obj.o(Region$$Table)
    SystemCoreClock                          0x20000000   Data           4  system_stm32f10x.o(.data)
    AHBPrescTable                            0x20000004   Data          16  system_stm32f10x.o(.data)
    Chinese_message_temp                     0x20000014   Data          29  main.o(.data)
    Chinese_message2_mq2                     0x20000031   Data          33  main.o(.data)
    Unicode_phonenumber                      0x20000052   Data          45  main.o(.data)
    adc_mq2x                                 0x20000080   Data           2  main.o(.data)
    mq2_vol                                  0x20000084   Data           4  main.o(.data)
    temperature                              0x20000088   Data           4  main.o(.data)
    flag_temp                                0x2000008c   Data           1  main.o(.data)
    flag_mq2                                 0x2000008d   Data           1  main.o(.data)
    flag_hr                                  0x2000008e   Data           1  main.o(.data)
    flag_60s_temp                            0x20000090   Data           4  main.o(.data)
    flag_60s_mq2                             0x20000094   Data           4  main.o(.data)
    flag_3s_hr                               0x20000098   Data           4  main.o(.data)
    flag_email_temp                          0x2000009c   Data           1  main.o(.data)
    flag_email_mq2                           0x2000009d   Data           1  main.o(.data)
    time_oled_refresh                        0x2000009e   Data           1  main.o(.data)
    __stdout                                 0x200000b8   Data           4  usart.o(.data)
    USART_RX_STA                             0x200000bc   Data           2  usart.o(.data)
    i3                                       0x200000bf   Data           1  usart3.o(.data)
    res3                                     0x200000c0   Data           1  usart3.o(.data)
    USART_RX_BUF                             0x200000c4   Data         200  usart.o(.bss)
    OLED_GRAM                                0x2000018c   Data        1024  my_oled.o(.bss)
    Usart3_buff                              0x2000058c   Data        4000  usart3.o(.bss)
    __initial_sp                             0x20001930   Data           0  startup_stm32f10x_md.o(STACK)



==============================================================================

Memory Map of the image

  Image Entry point : 0x080000ed

  Load Region LR_IROM1 (Base: 0x08000000, Size: 0x0000459c, Max: 0x00010000, ABSOLUTE)

    Execution Region ER_IROM1 (Exec base: 0x08000000, Load base: 0x08000000, Size: 0x000044d8, Max: 0x00010000, ABSOLUTE)

    Exec Addr    Load Addr    Size         Type   Attr      Idx    E Section Name        Object

    0x08000000   0x08000000   0x000000ec   Data   RO          277    RESET               startup_stm32f10x_md.o
    0x080000ec   0x080000ec   0x00000000   Code   RO         3827  * .ARM.Collect$$$$00000000  mc_w.l(entry.o)
    0x080000ec   0x080000ec   0x00000004   Code   RO         4117    .ARM.Collect$$$$00000001  mc_w.l(entry2.o)
    0x080000f0   0x080000f0   0x00000004   Code   RO         4120    .ARM.Collect$$$$00000004  mc_w.l(entry5.o)
    0x080000f4   0x080000f4   0x00000000   Code   RO         4122    .ARM.Collect$$$$00000008  mc_w.l(entry7b.o)
    0x080000f4   0x080000f4   0x00000000   Code   RO         4124    .ARM.Collect$$$$0000000A  mc_w.l(entry8b.o)
    0x080000f4   0x080000f4   0x00000008   Code   RO         4125    .ARM.Collect$$$$0000000B  mc_w.l(entry9a.o)
    0x080000fc   0x080000fc   0x00000004   Code   RO         4132    .ARM.Collect$$$$0000000E  mc_w.l(entry12b.o)
    0x08000100   0x08000100   0x00000000   Code   RO         4127    .ARM.Collect$$$$0000000F  mc_w.l(entry10a.o)
    0x08000100   0x08000100   0x00000000   Code   RO         4129    .ARM.Collect$$$$00000011  mc_w.l(entry11a.o)
    0x08000100   0x08000100   0x00000004   Code   RO         4118    .ARM.Collect$$$$00002712  mc_w.l(entry2.o)
    0x08000104   0x08000104   0x00000024   Code   RO          278    .text               startup_stm32f10x_md.o
    0x08000128   0x08000128   0x00000064   Code   RO         4093    .text               mf_w.l(fmul.o)
    0x0800018c   0x0800018c   0x000000e4   Code   RO         4095    .text               mf_w.l(dmul.o)
    0x08000270   0x08000270   0x00000012   Code   RO         4097    .text               mf_w.l(fflti.o)
    0x08000282   0x08000282   0x0000000a   Code   RO         4099    .text               mf_w.l(ffltui.o)
    0x0800028c   0x0800028c   0x00000032   Code   RO         4103    .text               mf_w.l(ffixi.o)
    0x080002be   0x080002be   0x00000026   Code   RO         4107    .text               mf_w.l(f2d.o)
    0x080002e4   0x080002e4   0x00000030   Code   RO         4109    .text               mf_w.l(cdrcmple.o)
    0x08000314   0x08000314   0x00000038   Code   RO         4111    .text               mf_w.l(d2f.o)
    0x0800034c   0x0800034c   0x00000014   Code   RO         4113    .text               mf_w.l(cfcmple.o)
    0x08000360   0x08000360   0x00000014   Code   RO         4115    .text               mf_w.l(cfrcmple.o)
    0x08000374   0x08000374   0x0000002c   Code   RO         4133    .text               mc_w.l(uidiv.o)
    0x080003a0   0x080003a0   0x00000062   Code   RO         4135    .text               mc_w.l(uldiv.o)
    0x08000402   0x08000402   0x00000020   Code   RO         4137    .text               mc_w.l(llushr.o)
    0x08000422   0x08000422   0x00000000   Code   RO         4139    .text               mc_w.l(iusefp.o)
    0x08000422   0x08000422   0x0000006e   Code   RO         4140    .text               mf_w.l(fepilogue.o)
    0x08000490   0x08000490   0x000000ba   Code   RO         4142    .text               mf_w.l(depilogue.o)
    0x0800054a   0x0800054a   0x0000014e   Code   RO         4144    .text               mf_w.l(dadd.o)
    0x08000698   0x08000698   0x000000de   Code   RO         4146    .text               mf_w.l(ddiv.o)
    0x08000776   0x08000776   0x00000030   Code   RO         4148    .text               mf_w.l(dfixul.o)
    0x080007a6   0x080007a6   0x00000002   PAD
    0x080007a8   0x080007a8   0x00000024   Code   RO         4150    .text               mc_w.l(init.o)
    0x080007cc   0x080007cc   0x0000001e   Code   RO         4152    .text               mc_w.l(llshl.o)
    0x080007ea   0x080007ea   0x00000024   Code   RO         4154    .text               mc_w.l(llsshr.o)
    0x0800080e   0x0800080e   0x00000016   Code   RO          350    i.ADC_Cmd           stm32f10x_adc.o
    0x08000824   0x08000824   0x00000014   Code   RO          358    i.ADC_GetCalibrationStatus  stm32f10x_adc.o
    0x08000838   0x08000838   0x00000008   Code   RO          359    i.ADC_GetConversionValue  stm32f10x_adc.o
    0x08000840   0x08000840   0x00000012   Code   RO          361    i.ADC_GetFlagStatus  stm32f10x_adc.o
    0x08000852   0x08000852   0x00000014   Code   RO          364    i.ADC_GetResetCalibrationStatus  stm32f10x_adc.o
    0x08000866   0x08000866   0x00000002   PAD
    0x08000868   0x08000868   0x00000050   Code   RO          368    i.ADC_Init          stm32f10x_adc.o
    0x080008b8   0x080008b8   0x000000b8   Code   RO          372    i.ADC_RegularChannelConfig  stm32f10x_adc.o
    0x08000970   0x08000970   0x0000000a   Code   RO          373    i.ADC_ResetCalibration  stm32f10x_adc.o
    0x0800097a   0x0800097a   0x00000016   Code   RO          375    i.ADC_SoftwareStartConvCmd  stm32f10x_adc.o
    0x08000990   0x08000990   0x0000000a   Code   RO          377    i.ADC_StartCalibration  stm32f10x_adc.o
    0x0800099a   0x0800099a   0x00000002   PAD
    0x0800099c   0x0800099c   0x00000034   Code   RO         3394    i.BEEP_Init         beep.o
    0x080009d0   0x080009d0   0x00000004   Code   RO          119    i.BusFault_Handler  stm32f10x_it.o
    0x080009d4   0x080009d4   0x00000068   Code   RO         3448    i.DS18B20_Check     ds18b20.o
    0x08000a3c   0x08000a3c   0x000000a8   Code   RO         3449    i.DS18B20_Get_temp  ds18b20.o
    0x08000ae4   0x08000ae4   0x0000003c   Code   RO         3450    i.DS18B20_Init      ds18b20.o
    0x08000b20   0x08000b20   0x00000070   Code   RO         3451    i.DS18B20_Read_Bit  ds18b20.o
    0x08000b90   0x08000b90   0x00000022   Code   RO         3452    i.DS18B20_Read_Byte  ds18b20.o
    0x08000bb2   0x08000bb2   0x00000002   PAD
    0x08000bb4   0x08000bb4   0x00000048   Code   RO         3453    i.DS18B20_Rst       ds18b20.o
    0x08000bfc   0x08000bfc   0x00000018   Code   RO         3454    i.DS18B20_Start     ds18b20.o
    0x08000c14   0x08000c14   0x0000007c   Code   RO         3455    i.DS18B20_Write_Byte  ds18b20.o
    0x08000c90   0x08000c90   0x00000002   Code   RO          120    i.DebugMon_Handler  stm32f10x_it.o
    0x08000c92   0x08000c92   0x00000002   PAD
    0x08000c94   0x08000c94   0x000000f4   Code   RO         3510    i.EXTI9_5_IRQHandler  exti.o
    0x08000d88   0x08000d88   0x0000000c   Code   RO         1106    i.EXTI_ClearITPendingBit  stm32f10x_exti.o
    0x08000d94   0x08000d94   0x00000028   Code   RO         1110    i.EXTI_GetITStatus  stm32f10x_exti.o
    0x08000dbc   0x08000dbc   0x00000116   Code   RO         1459    i.GPIO_Init         stm32f10x_gpio.o
    0x08000ed2   0x08000ed2   0x00000004   Code   RO         1467    i.GPIO_SetBits      stm32f10x_gpio.o
    0x08000ed6   0x08000ed6   0x00000004   Code   RO          121    i.HardFault_Handler  stm32f10x_it.o
    0x08000eda   0x08000eda   0x00000002   PAD
    0x08000edc   0x08000edc   0x000000b0   Code   RO          186    i.Hardware_Init     main.o
    0x08000f8c   0x08000f8c   0x00000038   Code   RO         3545    i.KEY_Init          key.o
    0x08000fc4   0x08000fc4   0x00000080   Code   RO         3546    i.KEY_Scan          key.o
    0x08001044   0x08001044   0x00000040   Code   RO         3815    i.LED_Init          led_1.o
    0x08001084   0x08001084   0x00000004   Code   RO          122    i.MemManage_Handler  stm32f10x_it.o
    0x08001088   0x08001088   0x00000002   Code   RO          123    i.NMI_Handler       stm32f10x_it.o
    0x0800108a   0x0800108a   0x00000002   PAD
    0x0800108c   0x0800108c   0x00000070   Code   RO          282    i.NVIC_Init         misc.o
    0x080010fc   0x080010fc   0x00000014   Code   RO          283    i.NVIC_PriorityGroupConfig  misc.o
    0x08001110   0x08001110   0x00000030   Code   RO         3588    i.OLED_Clear        my_oled.o
    0x08001140   0x08001140   0x00000068   Code   RO         3591    i.OLED_DrawPoint    my_oled.o
    0x080011a8   0x080011a8   0x00000128   Code   RO         3593    i.OLED_Init         my_oled.o
    0x080012d0   0x080012d0   0x0000004c   Code   RO         3594    i.OLED_Refresh_Gram  my_oled.o
    0x0800131c   0x0800131c   0x0000010c   Code   RO         3595    i.OLED_ShowChar     my_oled.o
    0x08001428   0x08001428   0x00000094   Code   RO         3596    i.OLED_ShowNum      my_oled.o
    0x080014bc   0x080014bc   0x0000005e   Code   RO         3597    i.OLED_ShowString   my_oled.o
    0x0800151a   0x0800151a   0x00000002   PAD
    0x0800151c   0x0800151c   0x0000005c   Code   RO         3598    i.OLED_WR_Byte      my_oled.o
    0x08001578   0x08001578   0x00000002   Code   RO          124    i.PendSV_Handler    stm32f10x_it.o
    0x0800157a   0x0800157a   0x00000002   PAD
    0x0800157c   0x0800157c   0x00000018   Code   RO         1873    i.RCC_ADCCLKConfig  stm32f10x_rcc.o
    0x08001594   0x08001594   0x00000020   Code   RO         1875    i.RCC_APB1PeriphClockCmd  stm32f10x_rcc.o
    0x080015b4   0x080015b4   0x00000020   Code   RO         1877    i.RCC_APB2PeriphClockCmd  stm32f10x_rcc.o
    0x080015d4   0x080015d4   0x000000d4   Code   RO         1885    i.RCC_GetClocksFreq  stm32f10x_rcc.o
    0x080016a8   0x080016a8   0x00000002   Code   RO          125    i.SVC_Handler       stm32f10x_it.o
    0x080016aa   0x080016aa   0x00000008   Code   RO            1    i.SetSysClock       system_stm32f10x.o
    0x080016b2   0x080016b2   0x00000002   PAD
    0x080016b4   0x080016b4   0x000000e0   Code   RO            2    i.SetSysClockTo72   system_stm32f10x.o
    0x08001794   0x08001794   0x00000028   Code   RO          286    i.SysTick_CLKSourceConfig  misc.o
    0x080017bc   0x080017bc   0x00000002   Code   RO          126    i.SysTick_Handler   stm32f10x_it.o
    0x080017be   0x080017be   0x00000002   PAD
    0x080017c0   0x080017c0   0x00000060   Code   RO            4    i.SystemInit        system_stm32f10x.o
    0x08001820   0x08001820   0x0000005a   Code   RO         3786    i.TIM2_Init         my_time.o
    0x0800187a   0x0800187a   0x00000002   PAD
    0x0800187c   0x0800187c   0x00000154   Code   RO         3787    i.TIM3_IRQHandler   my_time.o
    0x080019d0   0x080019d0   0x00000060   Code   RO         3788    i.TIM3_Int_Init     my_time.o
    0x08001a30   0x08001a30   0x00000006   Code   RO         2503    i.TIM_ClearFlag     stm32f10x_tim.o
    0x08001a36   0x08001a36   0x00000006   Code   RO         2504    i.TIM_ClearITPendingBit  stm32f10x_tim.o
    0x08001a3c   0x08001a3c   0x00000018   Code   RO         2509    i.TIM_Cmd           stm32f10x_tim.o
    0x08001a54   0x08001a54   0x00000012   Code   RO         2529    i.TIM_GetFlagStatus  stm32f10x_tim.o
    0x08001a66   0x08001a66   0x00000022   Code   RO         2530    i.TIM_GetITStatus   stm32f10x_tim.o
    0x08001a88   0x08001a88   0x00000012   Code   RO         2534    i.TIM_ITConfig      stm32f10x_tim.o
    0x08001a9a   0x08001a9a   0x00000002   PAD
    0x08001a9c   0x08001a9c   0x000000a4   Code   RO         2580    i.TIM_TimeBaseInit  stm32f10x_tim.o
    0x08001b40   0x08001b40   0x00000088   Code   RO         3329    i.USART1_IRQHandler  usart.o
    0x08001bc8   0x08001bc8   0x0000005c   Code   RO         3685    i.USART3_IRQHandler  usart3.o
    0x08001c24   0x08001c24   0x0000001e   Code   RO         3042    i.USART_ClearITPendingBit  stm32f10x_usart.o
    0x08001c42   0x08001c42   0x00000018   Code   RO         3045    i.USART_Cmd         stm32f10x_usart.o
    0x08001c5a   0x08001c5a   0x00000054   Code   RO         3049    i.USART_GetITStatus  stm32f10x_usart.o
    0x08001cae   0x08001cae   0x0000004a   Code   RO         3051    i.USART_ITConfig    stm32f10x_usart.o
    0x08001cf8   0x08001cf8   0x000000d8   Code   RO         3052    i.USART_Init        stm32f10x_usart.o
    0x08001dd0   0x08001dd0   0x0000000a   Code   RO         3059    i.USART_ReceiveData  stm32f10x_usart.o
    0x08001dda   0x08001dda   0x00000004   Code   RO          127    i.UsageFault_Handler  stm32f10x_it.o
    0x08001dde   0x08001dde   0x00000002   PAD
    0x08001de0   0x08001de0   0x00000020   Code   RO         4065    i.__0printf         mc_w.l(printfa.o)
    0x08001e00   0x08001e00   0x0000000e   Code   RO         4158    i.__scatterload_copy  mc_w.l(handlers.o)
    0x08001e0e   0x08001e0e   0x00000002   Code   RO         4159    i.__scatterload_null  mc_w.l(handlers.o)
    0x08001e10   0x08001e10   0x0000000e   Code   RO         4160    i.__scatterload_zeroinit  mc_w.l(handlers.o)
    0x08001e1e   0x08001e1e   0x00000002   PAD
    0x08001e20   0x08001e20   0x00000184   Code   RO         4072    i._fp_digits        mc_w.l(printfa.o)
    0x08001fa4   0x08001fa4   0x000006b4   Code   RO         4073    i._printf_core      mc_w.l(printfa.o)
    0x08002658   0x08002658   0x00000024   Code   RO         4074    i._printf_post_padding  mc_w.l(printfa.o)
    0x0800267c   0x0800267c   0x0000002e   Code   RO         4075    i._printf_pre_padding  mc_w.l(printfa.o)
    0x080026aa   0x080026aa   0x00000002   PAD
    0x080026ac   0x080026ac   0x00000044   Code   RO         3275    i.delay_init        delay.o
    0x080026f0   0x080026f0   0x0000004c   Code   RO         3276    i.delay_ms          delay.o
    0x0800273c   0x0800273c   0x0000004c   Code   RO         3277    i.delay_us          delay.o
    0x08002788   0x08002788   0x0000001c   Code   RO         3331    i.fputc             usart.o
    0x080027a4   0x080027a4   0x00000030   Code   RO         3564    i.get_mq2_adc       mq_2.o
    0x080027d4   0x080027d4   0x0000002e   Code   RO         3565    i.get_mq2_adc_aver  mq_2.o
    0x08002802   0x08002802   0x00000002   PAD
    0x08002804   0x08002804   0x0000002c   Code   RO         3533    i.hc_sr501_init     hc_sr501.o
    0x08002830   0x08002830   0x0000037c   Code   RO          187    i.main              main.o
    0x08002bac   0x08002bac   0x00000094   Code   RO         3566    i.mq_2_adc_init     mq_2.o
    0x08002c40   0x08002c40   0x00000016   Code   RO         3599    i.mypow             my_oled.o
    0x08002c56   0x08002c56   0x00000002   PAD
    0x08002c58   0x08002c58   0x000000a0   Code   RO         3332    i.uart_init         usart.o
    0x08002cf8   0x08002cf8   0x000017c0   Data   RO         3601    .constdata          my_oled.o
    0x080044b8   0x080044b8   0x00000020   Data   RO         4156    Region$$Table       anon$$obj.o


    Execution Region RW_IRAM1 (Exec base: 0x20000000, Load base: 0x080044d8, Size: 0x00001930, Max: 0x00005000, ABSOLUTE)

    Exec Addr    Load Addr    Size         Type   Attr      Idx    E Section Name        Object

    0x20000000   0x080044d8   0x00000014   Data   RW            5    .data               system_stm32f10x.o
    0x20000014   0x080044ec   0x0000008b   Data   RW          188    .data               main.o
    0x2000009f   0x08004577   0x00000014   Data   RW         1905    .data               stm32f10x_rcc.o
    0x200000b3   0x0800458b   0x00000001   PAD
    0x200000b4   0x0800458c   0x00000004   Data   RW         3278    .data               delay.o
    0x200000b8   0x08004590   0x00000006   Data   RW         3334    .data               usart.o
    0x200000be   0x08004596   0x00000001   Data   RW         3547    .data               key.o
    0x200000bf   0x08004597   0x00000002   Data   RW         3693    .data               usart3.o
    0x200000c1   0x08004599   0x00000003   PAD
    0x200000c4        -       0x000000c8   Zero   RW         3333    .bss                usart.o
    0x2000018c        -       0x00000400   Zero   RW         3600    .bss                my_oled.o
    0x2000058c        -       0x00000fa0   Zero   RW         3692    .bss                usart3.o
    0x2000152c   0x08004599   0x00000004   PAD
    0x20001530        -       0x00000400   Zero   RW          275    STACK               startup_stm32f10x_md.o


==============================================================================

Image component sizes


      Code (inc. data)   RO Data    RW Data    ZI Data      Debug   Object Name

        52          8          0          0          0        492   beep.o
         0          0          0          0          0         32   core_cm3.o
       220         26          0          4          0       1731   delay.o
       698         74          0          0          0       4672   ds18b20.o
       244         50          0          0          0        609   exti.o
        44          6          0          0          0        512   hc_sr501.o
       184         22          0          1          0       1142   key.o
        64         12          0          0          0        487   led_1.o
      1068        234          0        139          0       3074   main.o
       172         22          0          0          0     214661   misc.o
       242         12          0          0          0       1665   mq_2.o
      1148         50       6080          0       1024       7352   my_oled.o
       526         52          0          0          0       1974   my_time.o
        36          8        236          0       1024        800   startup_stm32f10x_md.o
       394         10          0          0          0       8169   stm32f10x_adc.o
        52         12          0          0          0       1132   stm32f10x_exti.o
       282          0          0          0          0       2623   stm32f10x_gpio.o
        26          0          0          0          0       3670   stm32f10x_it.o
       300         38          0         20          0       5117   stm32f10x_rcc.o
       270         42          0          0          0       4838   stm32f10x_tim.o
       438          6          0          0          0       5760   stm32f10x_usart.o
       328         28          0         20          0     251925   system_stm32f10x.o
       324         26          0          6        200       3772   usart.o
        92         18          0          2       4000       2010   usart3.o

    ----------------------------------------------------------------------
      7234        756       6348        196       6252     528219   Object Totals
         0          0         32          0          0          0   (incl. Generated)
        30          0          0          4          4          0   (incl. Padding)

    ----------------------------------------------------------------------

      Code (inc. data)   RO Data    RW Data    ZI Data      Debug   Library Member Name

         0          0          0          0          0          0   entry.o
         0          0          0          0          0          0   entry10a.o
         0          0          0          0          0          0   entry11a.o
         4          0          0          0          0          0   entry12b.o
         8          4          0          0          0          0   entry2.o
         4          0          0          0          0          0   entry5.o
         0          0          0          0          0          0   entry7b.o
         0          0          0          0          0          0   entry8b.o
         8          4          0          0          0          0   entry9a.o
        30          0          0          0          0          0   handlers.o
        36          8          0          0          0         68   init.o
         0          0          0          0          0          0   iusefp.o
        30          0          0          0          0         68   llshl.o
        36          0          0          0          0         68   llsshr.o
        32          0          0          0          0         68   llushr.o
      2218         90          0          0          0        464   printfa.o
        44          0          0          0          0         80   uidiv.o
        98          0          0          0          0         92   uldiv.o
        48          0          0          0          0         68   cdrcmple.o
        20          0          0          0          0         68   cfcmple.o
        20          0          0          0          0         68   cfrcmple.o
        56          0          0          0          0         88   d2f.o
       334          0          0          0          0        148   dadd.o
       222          0          0          0          0        100   ddiv.o
       186          0          0          0          0        176   depilogue.o
        48          0          0          0          0         68   dfixul.o
       228          0          0          0          0         96   dmul.o
        38          0          0          0          0         68   f2d.o
       110          0          0          0          0        168   fepilogue.o
        50          0          0          0          0         68   ffixi.o
        18          0          0          0          0         68   fflti.o
        10          0          0          0          0         68   ffltui.o
       100          0          0          0          0         76   fmul.o

    ----------------------------------------------------------------------
      4042        106          0          0          0       2304   Library Totals
         6          0          0          0          0          0   (incl. Padding)

    ----------------------------------------------------------------------

      Code (inc. data)   RO Data    RW Data    ZI Data      Debug   Library Name

      2548        106          0          0          0        908   mc_w.l
      1488          0          0          0          0       1396   mf_w.l

    ----------------------------------------------------------------------
      4042        106          0          0          0       2304   Library Totals

    ----------------------------------------------------------------------

==============================================================================


      Code (inc. data)   RO Data    RW Data    ZI Data      Debug   

     11276        862       6348        196       6252     525267   Grand Totals
     11276        862       6348        196       6252     525267   ELF Image Totals
     11276        862       6348        196          0          0   ROM Totals

==============================================================================

    Total RO  Size (Code + RO Data)                17624 (  17.21kB)
    Total RW  Size (RW Data + ZI Data)              6448 (   6.30kB)
    Total ROM Size (Code + RO Data + RW Data)      17820 (  17.40kB)

==============================================================================

